../Core/Src/bmp280.c:36:13:bmp280_ReadCalibrateValue	48	static
../Core/Src/bmp280.c:55:6:bmp280_Init	32	static
../Core/Src/bmp280.c:75:6:bmp280_StartUT	4	static
../Core/Src/bmp280.c:79:6:bmp280_GetUT	4	static
../Core/Src/bmp280.c:82:6:bmp280_StartUP	4	static
../Core/Src/bmp280.c:86:6:bmp280_GetUP	32	static
../Core/Src/bmp280.c:95:9:bmp280_CompensateTemperature	32	static
../Core/Src/bmp280.c:108:9:bmp280_CompensatePressure	336	static
../Core/Src/bmp280.c:131:13:bmp280_Calculate	24	static
../Core/Src/bmp280.c:140:8:pressureToAltitude	24	static
../Core/Src/bmp280.c:145:8:altitudeToPressure	16	static
../Core/Src/bmp280.c:151:6:bmp280_Update	8	static
