../snaekf01/Src/ekf10Init.c:58:15:b_atan2	48	static
../snaekf01/Src/ekf10Init.c:96:13:b_diag	24	static
../snaekf01/Src/ekf10Init.c:113:13:b_eye	24	static
../snaekf01/Src/ekf10Init.c:132:15:b_norm	48	static
../snaekf01/Src/ekf10Init.c:175:13:blkdiag	40	static
../snaekf01/Src/ekf10Init.c:195:15:c_norm	48	static
../snaekf01/Src/ekf10Init.c:227:13:diag	24	static
../snaekf01/Src/ekf10Init.c:244:15:ecompass	256	static
../snaekf01/Src/ekf10Init.c:403:13:eye	24	static
../snaekf01/Src/ekf10Init.c:417:13:mrdiv	504	static
../snaekf01/Src/ekf10Init.c:536:13:quat2eul	104	static
../snaekf01/Src/ekf10Init.c:587:13:quat2rotm	184	static
../snaekf01/Src/ekf10Init.c:642:13:quatinv	56	static
../snaekf01/Src/ekf10Init.c:658:13:quatmultiply	40	static
../snaekf01/Src/ekf10Init.c:670:13:quatnormalize	32	static
../snaekf01/Src/ekf10Init.c:687:15:rt_powd_snf	56	static
../snaekf01/Src/ekf10Init.c:740:6:ekf10Init	128	static
../snaekf01/Src/ekf10Init.c:815:6:ekf10Init_initialize	4	static
../snaekf01/Src/ekf10Init.c:823:6:ekf10Init_terminate	4	static
../snaekf01/Src/ekf10Init.c:837:6:ekf10Step	3440	static
../snaekf01/Src/ekf10Init.c:1161:6:initStateEKF	80	static
