../snaekf01/Src/ekf10filter.c:58:15:b_atan2	48	static
../snaekf01/Src/ekf10filter.c:96:13:b_diag	24	static
../snaekf01/Src/ekf10filter.c:113:13:b_eye	24	static
../snaekf01/Src/ekf10filter.c:132:15:b_norm	48	static
../snaekf01/Src/ekf10filter.c:175:13:blkdiag	40	static
../snaekf01/Src/ekf10filter.c:195:15:c_norm	48	static
../snaekf01/Src/ekf10filter.c:227:13:diag	24	static
../snaekf01/Src/ekf10filter.c:244:15:ecompass	256	static
../snaekf01/Src/ekf10filter.c:403:13:eye	24	static
../snaekf01/Src/ekf10filter.c:417:13:mrdiv	504	static
../snaekf01/Src/ekf10filter.c:536:13:quat2eul	104	static
../snaekf01/Src/ekf10filter.c:587:13:quat2rotm	184	static
../snaekf01/Src/ekf10filter.c:642:13:quatinv	56	static
../snaekf01/Src/ekf10filter.c:658:13:quatmultiply	40	static
../snaekf01/Src/ekf10filter.c:670:13:quatnormalize	32	static
../snaekf01/Src/ekf10filter.c:687:15:rt_powd_snf	56	static
../snaekf01/Src/ekf10filter.c:740:6:ekf10Init	128	static
../snaekf01/Src/ekf10filter.c:821:6:ekf10Step	3440	static
../snaekf01/Src/ekf10filter.c:1142:6:ekf10filter_initialize	4	static
../snaekf01/Src/ekf10filter.c:1150:6:ekf10filter_terminate	4	static
../snaekf01/Src/ekf10filter.c:1161:6:initStateEKF	80	static
