Archive member included to satisfy reference by file (symbol)

C:/ST/STM32CubeIDE_1.12.0/STM32CubeIDE/plugins/com.st.stm32cube.ide.mcu.externaltools.gnu-tools-for-stm32.12.3.rel1.win32_1.1.0.202410251130/tools/bin/../lib/gcc/arm-none-eabi/12.3.1/../../../../arm-none-eabi/lib/thumb/v7e-m+fp/hard\libc_nano.a(libc_a-exit.o)
                              C:/ST/STM32CubeIDE_1.12.0/STM32CubeIDE/plugins/com.st.stm32cube.ide.mcu.externaltools.gnu-tools-for-stm32.12.3.rel1.win32_1.1.0.202410251130/tools/bin/../lib/gcc/arm-none-eabi/12.3.1/../../../../arm-none-eabi/lib/thumb/v7e-m+fp/hard/crt0.o (exit)
C:/ST/STM32CubeIDE_1.12.0/STM32CubeIDE/plugins/com.st.stm32cube.ide.mcu.externaltools.gnu-tools-for-stm32.12.3.rel1.win32_1.1.0.202410251130/tools/bin/../lib/gcc/arm-none-eabi/12.3.1/../../../../arm-none-eabi/lib/thumb/v7e-m+fp/hard\libc_nano.a(libc_a-findfp.o)
                              C:/ST/STM32CubeIDE_1.12.0/STM32CubeIDE/plugins/com.st.stm32cube.ide.mcu.externaltools.gnu-tools-for-stm32.12.3.rel1.win32_1.1.0.202410251130/tools/bin/../lib/gcc/arm-none-eabi/12.3.1/../../../../arm-none-eabi/lib/thumb/v7e-m+fp/hard\libc_nano.a(libc_a-exit.o) (__stdio_exit_handler)
C:/ST/STM32CubeIDE_1.12.0/STM32CubeIDE/plugins/com.st.stm32cube.ide.mcu.externaltools.gnu-tools-for-stm32.12.3.rel1.win32_1.1.0.202410251130/tools/bin/../lib/gcc/arm-none-eabi/12.3.1/../../../../arm-none-eabi/lib/thumb/v7e-m+fp/hard\libc_nano.a(libc_a-fwalk.o)
                              C:/ST/STM32CubeIDE_1.12.0/STM32CubeIDE/plugins/com.st.stm32cube.ide.mcu.externaltools.gnu-tools-for-stm32.12.3.rel1.win32_1.1.0.202410251130/tools/bin/../lib/gcc/arm-none-eabi/12.3.1/../../../../arm-none-eabi/lib/thumb/v7e-m+fp/hard\libc_nano.a(libc_a-findfp.o) (_fwalk_sglue)
C:/ST/STM32CubeIDE_1.12.0/STM32CubeIDE/plugins/com.st.stm32cube.ide.mcu.externaltools.gnu-tools-for-stm32.12.3.rel1.win32_1.1.0.202410251130/tools/bin/../lib/gcc/arm-none-eabi/12.3.1/../../../../arm-none-eabi/lib/thumb/v7e-m+fp/hard\libc_nano.a(libc_a-stdio.o)
                              C:/ST/STM32CubeIDE_1.12.0/STM32CubeIDE/plugins/com.st.stm32cube.ide.mcu.externaltools.gnu-tools-for-stm32.12.3.rel1.win32_1.1.0.202410251130/tools/bin/../lib/gcc/arm-none-eabi/12.3.1/../../../../arm-none-eabi/lib/thumb/v7e-m+fp/hard\libc_nano.a(libc_a-findfp.o) (__sread)
C:/ST/STM32CubeIDE_1.12.0/STM32CubeIDE/plugins/com.st.stm32cube.ide.mcu.externaltools.gnu-tools-for-stm32.12.3.rel1.win32_1.1.0.202410251130/tools/bin/../lib/gcc/arm-none-eabi/12.3.1/../../../../arm-none-eabi/lib/thumb/v7e-m+fp/hard\libc_nano.a(libc_a-memset.o)
                              C:/ST/STM32CubeIDE_1.12.0/STM32CubeIDE/plugins/com.st.stm32cube.ide.mcu.externaltools.gnu-tools-for-stm32.12.3.rel1.win32_1.1.0.202410251130/tools/bin/../lib/gcc/arm-none-eabi/12.3.1/../../../../arm-none-eabi/lib/thumb/v7e-m+fp/hard/crt0.o (memset)
C:/ST/STM32CubeIDE_1.12.0/STM32CubeIDE/plugins/com.st.stm32cube.ide.mcu.externaltools.gnu-tools-for-stm32.12.3.rel1.win32_1.1.0.202410251130/tools/bin/../lib/gcc/arm-none-eabi/12.3.1/../../../../arm-none-eabi/lib/thumb/v7e-m+fp/hard\libc_nano.a(libc_a-closer.o)
                              C:/ST/STM32CubeIDE_1.12.0/STM32CubeIDE/plugins/com.st.stm32cube.ide.mcu.externaltools.gnu-tools-for-stm32.12.3.rel1.win32_1.1.0.202410251130/tools/bin/../lib/gcc/arm-none-eabi/12.3.1/../../../../arm-none-eabi/lib/thumb/v7e-m+fp/hard\libc_nano.a(libc_a-stdio.o) (_close_r)
C:/ST/STM32CubeIDE_1.12.0/STM32CubeIDE/plugins/com.st.stm32cube.ide.mcu.externaltools.gnu-tools-for-stm32.12.3.rel1.win32_1.1.0.202410251130/tools/bin/../lib/gcc/arm-none-eabi/12.3.1/../../../../arm-none-eabi/lib/thumb/v7e-m+fp/hard\libc_nano.a(libc_a-reent.o)
                              C:/ST/STM32CubeIDE_1.12.0/STM32CubeIDE/plugins/com.st.stm32cube.ide.mcu.externaltools.gnu-tools-for-stm32.12.3.rel1.win32_1.1.0.202410251130/tools/bin/../lib/gcc/arm-none-eabi/12.3.1/../../../../arm-none-eabi/lib/thumb/v7e-m+fp/hard\libc_nano.a(libc_a-closer.o) (errno)
C:/ST/STM32CubeIDE_1.12.0/STM32CubeIDE/plugins/com.st.stm32cube.ide.mcu.externaltools.gnu-tools-for-stm32.12.3.rel1.win32_1.1.0.202410251130/tools/bin/../lib/gcc/arm-none-eabi/12.3.1/../../../../arm-none-eabi/lib/thumb/v7e-m+fp/hard\libc_nano.a(libc_a-impure.o)
                              C:/ST/STM32CubeIDE_1.12.0/STM32CubeIDE/plugins/com.st.stm32cube.ide.mcu.externaltools.gnu-tools-for-stm32.12.3.rel1.win32_1.1.0.202410251130/tools/bin/../lib/gcc/arm-none-eabi/12.3.1/../../../../arm-none-eabi/lib/thumb/v7e-m+fp/hard\libc_nano.a(libc_a-reent.o) (_impure_ptr)
C:/ST/STM32CubeIDE_1.12.0/STM32CubeIDE/plugins/com.st.stm32cube.ide.mcu.externaltools.gnu-tools-for-stm32.12.3.rel1.win32_1.1.0.202410251130/tools/bin/../lib/gcc/arm-none-eabi/12.3.1/../../../../arm-none-eabi/lib/thumb/v7e-m+fp/hard\libc_nano.a(libc_a-lseekr.o)
[...]
Memory Configuration

Name             Origin             Length             Attributes
CCMRAM           0x10000000         0x00010000         xrw
RAM              0x20000000         0x00020000         xrw
FLASH            0x08000000         0x00100000         xr
*default*        0x00000000         0xffffffff

Linker script and memory map

LOAD C:/ST/STM32CubeIDE_1.12.0/STM32CubeIDE/plugins/com.st.stm32cube.ide.mcu.externaltools.gnu-tools-for-stm32.12.3.rel1.win32_1.1.0.202410251130/tools/bin/../lib/gcc/arm-none-eabi/12.3.1/thumb/v7e-m+fp/hard/crti.o
LOAD C:/ST/STM32CubeIDE_1.12.0/STM32CubeIDE/plugins/com.st.stm32cube.ide.mcu.externaltools.gnu-tools-for-stm32.12.3.rel1.win32_1.1.0.202410251130/tools/bin/../lib/gcc/arm-none-eabi/12.3.1/thumb/v7e-m+fp/hard/crtbegin.o
LOAD C:/ST/STM32CubeIDE_1.12.0/STM32CubeIDE/plugins/com.st.stm32cube.ide.mcu.externaltools.gnu-tools-for-stm32.12.3.rel1.win32_1.1.0.202410251130/tools/bin/../lib/gcc/arm-none-eabi/12.3.1/../../../../arm-none-eabi/lib/thumb/v7e-m+fp/hard/crt0.o
LOAD ./Core/Src/QMC5883P.o
LOAD ./Core/Src/bmp280.o
LOAD ./Core/Src/gpio.o
LOAD ./Core/Src/i2c.o
LOAD ./Core/Src/main.o
LOAD ./Core/Src/mpu6500.o
LOAD ./Core/Src/spi.o
LOAD ./Core/Src/stm32f4xx_hal_msp.o
LOAD ./Core/Src/stm32f4xx_it.o
LOAD ./Core/Src/syscalls.o
LOAD ./Core/Src/sysmem.o
LOAD ./Core/Src/system_stm32f4xx.o
LOAD ./Core/Src/tim.o
LOAD ./Core/Startup/startup_stm32f405rgtx.o
LOAD ./Drivers/STM32F4xx_HAL_Driver/Src/stm32f4xx_hal.o
LOAD ./Drivers/STM32F4xx_HAL_Driver/Src/stm32f4xx_hal_cortex.o
LOAD ./Drivers/STM32F4xx_HAL_Driver/Src/stm32f4xx_hal_dma.o
LOAD ./Drivers/STM32F4xx_HAL_Driver/Src/stm32f4xx_hal_dma_ex.o
LOAD ./Drivers/STM32F4xx_HAL_Driver/Src/stm32f4xx_hal_exti.o
LOAD ./Drivers/STM32F4xx_HAL_Driver/Src/stm32f4xx_hal_flash.o
LOAD ./Drivers/STM32F4xx_HAL_Driver/Src/stm32f4xx_hal_flash_ex.o
LOAD ./Drivers/STM32F4xx_HAL_Driver/Src/stm32f4xx_hal_flash_ramfunc.o
LOAD ./Drivers/STM32F4xx_HAL_Driver/Src/stm32f4xx_hal_gpio.o
LOAD ./Drivers/STM32F4xx_HAL_Driver/Src/stm32f4xx_hal_i2c.o
LOAD ./Drivers/STM32F4xx_HAL_Driver/Src/stm32f4xx_hal_i2c_ex.o
LOAD ./Drivers/STM32F4xx_HAL_Driver/Src/stm32f4xx_hal_pwr.o
LOAD ./Drivers/STM32F4xx_HAL_Driver/Src/stm32f4xx_hal_pwr_ex.o
LOAD ./Drivers/STM32F4xx_HAL_Driver/Src/stm32f4xx_hal_rcc.o
LOAD ./Drivers/STM32F4xx_HAL_Driver/Src/stm32f4xx_hal_rcc_ex.o
LOAD ./Drivers/STM32F4xx_HAL_Driver/Src/stm32f4xx_hal_spi.o
LOAD ./Drivers/STM32F4xx_HAL_Driver/Src/stm32f4xx_hal_tim.o
LOAD ./Drivers/STM32F4xx_HAL_Driver/Src/stm32f4xx_hal_tim_ex.o
LOAD ./snaekf01/Src/ekf10Init.o
LOAD ./snaekf01/Src/mcalib.o
LOAD ./snaekf01/Src/rtGetInf.o
LOAD ./snaekf01/Src/rtGetNaN.o
LOAD ./snaekf01/Src/rt_nonfinite.o
START GROUP
LOAD C:/ST/STM32CubeIDE_1.12.0/STM32CubeIDE/plugins/com.st.stm32cube.ide.mcu.externaltools.gnu-tools-for-stm32.12.3.rel1.win32_1.1.0.202410251130/tools/bin/../lib/gcc/arm-none-eabi/12.3.1/../../../../arm-none-eabi/lib/thumb/v7e-m+fp/hard\libc_nano.a
LOAD C:/ST/STM32CubeIDE_1.12.0/STM32CubeIDE/plugins/com.st.stm32cube.ide.mcu.externaltools.gnu-tools-for-stm32.12.3.rel1.win32_1.1.0.202410251130/tools/bin/../lib/gcc/arm-none-eabi/12.3.1/../../../../arm-none-eabi/lib/thumb/v7e-m+fp/hard\libm.a
END GROUP
START GROUP
LOAD C:/ST/STM32CubeIDE_1.12.0/STM32CubeIDE/plugins/com.st.stm32cube.ide.mcu.externaltools.gnu-tools-for-stm32.12.3.rel1.win32_1.1.0.202410251130/tools/bin/../lib/gcc/arm-none-eabi/12.3.1/thumb/v7e-m+fp/hard\libgcc.a
LOAD C:/ST/STM32CubeIDE_1.12.0/STM32CubeIDE/plugins/com.st.stm32cube.ide.mcu.externaltools.gnu-tools-for-stm32.12.3.rel1.win32_1.1.0.202410251130/tools/bin/../lib/gcc/arm-none-eabi/12.3.1/../../../../arm-none-eabi/lib/thumb/v7e-m+fp/hard\libc_nano.a
END GROUP
START GROUP
LOAD C:/ST/STM32CubeIDE_1.12.0/STM32CubeIDE/plugins/com.st.stm32cube.ide.mcu.externaltools.gnu-tools-for-stm32.12.3.rel1.win32_1.1.0.202410251130/tools/bin/../lib/gcc/arm-none-eabi/12.3.1/thumb/v7e-m+fp/hard\libgcc.a
LOAD C:/ST/STM32CubeIDE_1.12.0/STM32CubeIDE/plugins/com.st.stm32cube.ide.mcu.externaltools.gnu-tools-for-stm32.12.3.rel1.win32_1.1.0.202410251130/tools/bin/../lib/gcc/arm-none-eabi/12.3.1/../../../../arm-none-eabi/lib/thumb/v7e-m+fp/hard\libc_nano.a
LOAD C:/ST/STM32CubeIDE_1.12.0/STM32CubeIDE/plugins/com.st.stm32cube.ide.mcu.externaltools.gnu-tools-for-stm32.12.3.rel1.win32_1.1.0.202410251130/tools/bin/../lib/gcc/arm-none-eabi/12.3.1/../../../../arm-none-eabi/lib/thumb/v7e-m+fp/hard\libnosys.a
END GROUP
START GROUP
LOAD C:/ST/STM32CubeIDE_1.12.0/STM32CubeIDE/plugins/com.st.stm32cube.ide.mcu.externaltools.gnu-tools-for-stm32.12.3.rel1.win32_1.1.0.202410251130/tools/bin/../lib/gcc/arm-none-eabi/12.3.1/thumb/v7e-m+fp/hard\libgcc.a
LOAD C:/ST/STM32CubeIDE_1.12.0/STM32CubeIDE/plugins/com.st.stm32cube.ide.mcu.externaltools.gnu-tools-for-stm32.12.3.rel1.win32_1.1.0.202410251130/tools/bin/../lib/gcc/arm-none-eabi/12.3.1/../../../../arm-none-eabi/lib/thumb/v7e-m+fp/hard\libc_nano.a
LOAD C:/ST/STM32CubeIDE_1.12.0/STM32CubeIDE/plugins/com.st.stm32cube.ide.mcu.externaltools.gnu-tools-for-stm32.12.3.rel1.win32_1.1.0.202410251130/tools/bin/../lib/gcc/arm-none-eabi/12.3.1/../../../../arm-none-eabi/lib/thumb/v7e-m+fp/hard\libnosys.a
END GROUP
LOAD C:/ST/STM32CubeIDE_1.12.0/STM32CubeIDE/plugins/com.st.stm32cube.ide.mcu.externaltools.gnu-tools-for-stm32.12.3.rel1.win32_1.1.0.202410251130/tools/bin/../lib/gcc/arm-none-eabi/12.3.1/thumb/v7e-m+fp/hard/crtend.o
LOAD C:/ST/STM32CubeIDE_1.12.0/STM32CubeIDE/plugins/com.st.stm32cube.ide.mcu.externaltools.gnu-tools-for-stm32.12.3.rel1.win32_1.1.0.202410251130/tools/bin/../lib/gcc/arm-none-eabi/12.3.1/thumb/v7e-m+fp/hard/crtn.o
                0x20020000                        _estack = (ORIGIN (RAM) + LENGTH (RAM))
                0x00000200                        _Min_Heap_Size = 0x200
                0x00000400                        _Min_Stack_Size = 0x400

.isr_vector     0x08000000      0x188
                0x08000000                        . = ALIGN (0x4)
 *(.isr_vector)
 .isr_vector    0x08000000      0x188 ./Core/Startup/startup_stm32f405rgtx.o
                0x08000000                g_pfnVectors
                0x08000188                        . = ALIGN (0x4)

.text           0x08000188     0xdbe8
                0x08000188                        . = ALIGN (0x4)
 *(.text)
 .text          0x08000188       0x40 C:/ST/STM32CubeIDE_1.12.0/STM32CubeIDE/plugins/com.st.stm32cube.ide.mcu.externaltools.gnu-tools-for-stm32.12.3.rel1.win32_1.1.0.202410251130/tools/bin/../lib/gcc/arm-none-eabi/12.3.1/thumb/v7e-m+fp/hard/crtbegin.o
 .text          0x080001c8      0x378 C:/ST/STM32CubeIDE_1.12.0/STM32CubeIDE/plugins/com.st.stm32cube.ide.mcu.externaltools.gnu-tools-for-stm32.12.3.rel1.win32_1.1.0.202410251130/tools/bin/../lib/gcc/arm-none-eabi/12.3.1/thumb/v7e-m+fp/hard\libgcc.a(_arm_addsubdf3.o)
                0x080001c8                __aeabi_drsub
                0x080001d0                __aeabi_dsub
                0x080001d0                __subdf3
                0x080001d4                __aeabi_dadd
                0x080001d4                __adddf3
                0x0800044c                __floatunsidf
                0x0800044c                __aeabi_ui2d
                0x0800046c                __floatsidf
                0x0800046c                __aeabi_i2d
                0x08000490                __aeabi_f2d
                0x08000490                __extendsfdf2
                0x080004d4                __floatundidf
                0x080004d4                __aeabi_ul2d
                0x080004e4                __floatdidf
                0x080004e4                __aeabi_l2d
 .text          0x08000540      0x424 C:/ST/STM32CubeIDE_1.12.0/STM32CubeIDE/plugins/com.st.stm32cube.ide.mcu.externaltools.gnu-tools-for-stm32.12.3.rel1.win32_1.1.0.202410251130/tools/bin/../lib/gcc/arm-none-eabi/12.3.1/thumb/v7e-m+fp/hard\libgcc.a(_arm_muldivdf3.o)
                0x08000540                __aeabi_dmul
                0x08000540                __muldf3
                0x08000794                __divdf3
                0x08000794                __aeabi_ddiv
 .text          0x08000964      0x110 C:/ST/STM32CubeIDE_1.12.0/STM32CubeIDE/plugins/com.st.stm32cube.ide.mcu.externaltools.gnu-tools-for-stm32.12.3.rel1.win32_1.1.0.202410251130/tools/bin/../lib/gcc/arm-none-eabi/12.3.1/thumb/v7e-m+fp/hard\libgcc.a(_arm_cmpdf2.o)
                0x08000964                __gtdf2
                0x08000964                __gedf2
                0x0800096c                __ltdf2
                0x0800096c                __ledf2
                0x08000974                __nedf2
                0x08000974                __eqdf2
                0x08000974                __cmpdf2
                0x080009f0                __aeabi_cdrcmple
                0x08000a00                __aeabi_cdcmpeq
                0x08000a00                __aeabi_cdcmple
                0x08000a10                __aeabi_dcmpeq
                0x08000a24                __aeabi_dcmplt
                0x08000a38                __aeabi_dcmple
                0x08000a4c                __aeabi_dcmpge
                0x08000a60                __aeabi_dcmpgt
 .text          0x08000a74       0x2c C:/ST/STM32CubeIDE_1.12.0/STM32CubeIDE/plugins/com.st.stm32cube.ide.mcu.externaltools.gnu-tools-for-stm32.12.3.rel1.win32_1.1.0.202410251130/tools/bin/../lib/gcc/arm-none-eabi/12.3.1/thumb/v7e-m+fp/hard\libgcc.a(_arm_unorddf2.o)
                0x08000a74                __unorddf2
                0x08000a74                __aeabi_dcmpun
 .text          0x08000aa0       0xa0 C:/ST/STM32CubeIDE_1.12.0/STM32CubeIDE/plugins/com.st.stm32cube.ide.mcu.externaltools.gnu-tools-for-stm32.12.3.rel1.win32_1.1.0.202410251130/tools/bin/../lib/gcc/arm-none-eabi/12.3.1/thumb/v7e-m+fp/hard\libgcc.a(_aeabi_ldivmod.o)
                0x08000aa0                __aeabi_ldivmod
 .text          0x08000b40       0x30 C:/ST/STM32CubeIDE_1.12.0/STM32CubeIDE/plugins/com.st.stm32cube.ide.mcu.externaltools.gnu-tools-for-stm32.12.3.rel1.win32_1.1.0.202410251130/tools/bin/../lib/gcc/arm-none-eabi/12.3.1/thumb/v7e-m+fp/hard\libgcc.a(_aeabi_uldivmod.o)
                0x08000b40                __aeabi_uldivmod
 .text          0x08000b70      0x2bc C:/ST/STM32CubeIDE_1.12.0/STM32CubeIDE/plugins/com.st.stm32cube.ide.mcu.externaltools.gnu-tools-for-stm32.12.3.rel1.win32_1.1.0.202410251130/tools/bin/../lib/gcc/arm-none-eabi/12.3.1/thumb/v7e-m+fp/hard\libgcc.a(_udivmoddi4.o)
                0x08000b70                __udivmoddi4
 .text          0x08000e2c        0x4 C:/ST/STM32CubeIDE_1.12.0/STM32CubeIDE/plugins/com.st.stm32cube.ide.mcu.externaltools.gnu-tools-for-stm32.12.3.rel1.win32_1.1.0.202410251130/tools/bin/../lib/gcc/arm-none-eabi/12.3.1/thumb/v7e-m+fp/hard\libgcc.a(_dvmd_tls.o)
                0x08000e2c                __aeabi_idiv0
                0x08000e2c                __aeabi_ldiv0
 *(.text*)
 .text.qmc5883p_Write_Reg
                0x08000e30       0x40 ./Core/Src/QMC5883P.o
 .text.qmc5883p_Read_Reg
                0x08000e70       0x3c ./Core/Src/QMC5883P.o
 .text.qmc5883p_init
                0x08000eac       0x6a ./Core/Src/QMC5883P.o
                0x08000eac                qmc5883p_init
 *fill*         0x08000f16        0x2 
 .text.qmc5883p_read
                0x08000f18       0xd0 ./Core/Src/QMC5883P.o
                0x08000f18                qmc5883p_read
 .text.bmp280_ReadCalibrateValue
                0x08000fe8      0x10c ./Core/Src/bmp280.o
 .text.bmp280_Init
                0x080010f4       0x78 ./Core/Src/bmp280.o
                0x080010f4                bmp280_Init
 .text.bmp280_GetUP
                0x0800116c       0x5c ./Core/Src/bmp280.o
                0x0800116c                bmp280_GetUP
 .text.bmp280_CompensateTemperature
                0x080011c8       0x80 ./Core/Src/bmp280.o
                0x080011c8                bmp280_CompensateTemperature
 .text.bmp280_CompensatePressure
                0x08001248      0x578 ./Core/Src/bmp280.o
                0x08001248                bmp280_CompensatePressure
 .text.bmp280_Calculate
                0x080017c0       0x50 ./Core/Src/bmp280.o
 .text.pressureToAltitude
                0x08001810       0xb0 ./Core/Src/bmp280.o
                0x08001810                pressureToAltitude
 .text.bmp280_Update
                0x080018c0       0x1c ./Core/Src/bmp280.o
                0x080018c0                bmp280_Update
 .text.MX_GPIO_Init
                0x080018dc       0xa0 ./Core/Src/gpio.o
                0x080018dc                MX_GPIO_Init
 .text.MX_I2C1_Init
                0x0800197c       0x5c ./Core/Src/i2c.o
                0x0800197c                MX_I2C1_Init
 .text.MX_I2C2_Init
                0x080019d8       0x5c ./Core/Src/i2c.o
                0x080019d8                MX_I2C2_Init
 .text.HAL_I2C_MspInit
                0x08001a34      0x118 ./Core/Src/i2c.o
                0x08001a34                HAL_I2C_MspInit
 *fill*         0x08001b4c        0x4 
 .text.sensorCalib
                0x08001b50      0x24c ./Core/Src/main.o
                0x08001b50                sensorCalib
 *fill*         0x08001d9c        0x4 
 .text.HAL_TIM_PeriodElapsedCallback
                0x08001da0      0x144 ./Core/Src/main.o
                0x08001da0                HAL_TIM_PeriodElapsedCallback
 .text.main     0x08001ee4       0x74 ./Core/Src/main.o
                0x08001ee4                main
 .text.SystemClock_Config
                0x08001f58       0xd4 ./Core/Src/main.o
                0x08001f58                SystemClock_Config
 .text.Error_Handler
                0x0800202c        0xc ./Core/Src/main.o
                0x0800202c                Error_Handler
 .text.MPU_Wirte_Register
                0x08002038       0x54 ./Core/Src/mpu6500.o
                0x08002038                MPU_Wirte_Register
 .text.MPU_Read_Register
                0x0800208c       0x60 ./Core/Src/mpu6500.o
                0x0800208c                MPU_Read_Register
 .text.MPU6500_Read
                0x080020ec       0xba ./Core/Src/mpu6500.o
                0x080020ec                MPU6500_Read
 .text.MPU6500_Init
                0x080021a6       0x30 ./Core/Src/mpu6500.o
                0x080021a6                MPU6500_Init
 *fill*         0x080021d6        0x2 
 .text.MPU6500_Read_Scaled
                0x080021d8      0x10c ./Core/Src/mpu6500.o
                0x080021d8                MPU6500_Read_Scaled
 .text.MX_SPI1_Init
                0x080022e4       0x6c ./Core/Src/spi.o
                0x080022e4                MX_SPI1_Init
 .text.HAL_SPI_MspInit
                0x08002350       0x90 ./Core/Src/spi.o
                0x08002350                HAL_SPI_MspInit
 .text.HAL_MspInit
                0x080023e0       0x50 ./Core/Src/stm32f4xx_hal_msp.o
                0x080023e0                HAL_MspInit
 .text.NMI_Handler
                0x08002430        0x8 ./Core/Src/stm32f4xx_it.o
                0x08002430                NMI_Handler
 .text.HardFault_Handler
                0x08002438        0x8 ./Core/Src/stm32f4xx_it.o
                0x08002438                HardFault_Handler
 .text.MemManage_Handler
                0x08002440        0x8 ./Core/Src/stm32f4xx_it.o
                0x08002440                MemManage_Handler
 .text.BusFault_Handler
                0x08002448        0x8 ./Core/Src/stm32f4xx_it.o
                0x08002448                BusFault_Handler
 .text.UsageFault_Handler
                0x08002450        0x8 ./Core/Src/stm32f4xx_it.o
                0x08002450                UsageFault_Handler
 .text.SVC_Handler
                0x08002458        0xe ./Core/Src/stm32f4xx_it.o
                0x08002458                SVC_Handler
 .text.DebugMon_Handler
                0x08002466        0xe ./Core/Src/stm32f4xx_it.o
                0x08002466                DebugMon_Handler
 .text.PendSV_Handler
                0x08002474        0xe ./Core/Src/stm32f4xx_it.o
                0x08002474                PendSV_Handler
 .text.SysTick_Handler
                0x08002482        0xc ./Core/Src/stm32f4xx_it.o
                0x08002482                SysTick_Handler
 *fill*         0x0800248e        0x2 
 .text.TIM2_IRQHandler
                0x08002490       0x14 ./Core/Src/stm32f4xx_it.o
                0x08002490                TIM2_IRQHandler
 .text.TIM3_IRQHandler
                0x080024a4       0x14 ./Core/Src/stm32f4xx_it.o
                0x080024a4                TIM3_IRQHandler
 .text.I2C1_EV_IRQHandler
                0x080024b8       0x14 ./Core/Src/stm32f4xx_it.o
                0x080024b8                I2C1_EV_IRQHandler
 .text.I2C2_EV_IRQHandler
                0x080024cc       0x14 ./Core/Src/stm32f4xx_it.o
                0x080024cc                I2C2_EV_IRQHandler
 .text.SystemInit
                0x080024e0       0x24 ./Core/Src/system_stm32f4xx.o
                0x080024e0                SystemInit
 .text.MX_TIM2_Init
                0x08002504       0x98 ./Core/Src/tim.o
                0x08002504                MX_TIM2_Init
 .text.MX_TIM3_Init
                0x0800259c       0x9c ./Core/Src/tim.o
                0x0800259c                MX_TIM3_Init
 .text.HAL_TIM_Base_MspInit
                0x08002638       0x88 ./Core/Src/tim.o
                0x08002638                HAL_TIM_Base_MspInit
 .text.Reset_Handler
                0x080026c0       0x50 ./Core/Startup/startup_stm32f405rgtx.o
                0x080026c0                Reset_Handler
 .text.Default_Handler
                0x08002710        0x2 ./Core/Startup/startup_stm32f405rgtx.o
                0x08002710                RTC_Alarm_IRQHandler
                0x08002710                HASH_RNG_IRQHandler
                0x08002710                EXTI2_IRQHandler
                0x08002710                TIM8_CC_IRQHandler
                0x08002710                TIM1_CC_IRQHandler
                0x08002710                DMA2_Stream5_IRQHandler
                0x08002710                DMA1_Stream5_IRQHandler
                0x08002710                PVD_IRQHandler
                0x08002710                SDIO_IRQHandler
                0x08002710                TAMP_STAMP_IRQHandler
                0x08002710                CAN2_RX1_IRQHandler
                0x08002710                EXTI3_IRQHandler
                0x08002710                TIM8_TRG_COM_TIM14_IRQHandler
                0x08002710                TIM1_UP_TIM10_IRQHandler
                0x08002710                TIM8_UP_TIM13_IRQHandler
                0x08002710                I2C3_ER_IRQHandler
                0x08002710                EXTI0_IRQHandler
                0x08002710                DMA1_Stream2_IRQHandler
                0x08002710                CAN1_RX0_IRQHandler
                0x08002710                FPU_IRQHandler
                0x08002710                OTG_HS_WKUP_IRQHandler
                0x08002710                CAN2_SCE_IRQHandler
                0x08002710                DMA2_Stream2_IRQHandler
                0x08002710                SPI1_IRQHandler
                0x08002710                TIM6_DAC_IRQHandler
                0x08002710                TIM1_BRK_TIM9_IRQHandler
                0x08002710                CAN2_RX0_IRQHandler
                0x08002710                DMA2_Stream3_IRQHandler
                0x08002710                USART6_IRQHandler
                0x08002710                USART3_IRQHandler
                0x08002710                CAN1_RX1_IRQHandler
                0x08002710                UART5_IRQHandler
                0x08002710                DMA2_Stream0_IRQHandler
                0x08002710                TIM4_IRQHandler
                0x08002710                DMA1_Stream6_IRQHandler
                0x08002710                DMA1_Stream1_IRQHandler
                0x08002710                UART4_IRQHandler
                0x08002710                RCC_IRQHandler
                0x08002710                TIM8_BRK_TIM12_IRQHandler
                0x08002710                Default_Handler
                0x08002710                EXTI15_10_IRQHandler
                0x08002710                ADC_IRQHandler
                0x08002710                DMA1_Stream7_IRQHandler
                0x08002710                TIM7_IRQHandler
                0x08002710                CAN2_TX_IRQHandler
                0x08002710                TIM5_IRQHandler
                0x08002710                DMA2_Stream7_IRQHandler
                0x08002710                I2C3_EV_IRQHandler
                0x08002710                EXTI9_5_IRQHandler
                0x08002710                RTC_WKUP_IRQHandler
                0x08002710                SPI2_IRQHandler
                0x08002710                OTG_HS_EP1_IN_IRQHandler
                0x08002710                DMA1_Stream0_IRQHandler
                0x08002710                CAN1_TX_IRQHandler
                0x08002710                EXTI4_IRQHandler
                0x08002710                FSMC_IRQHandler
                0x08002710                OTG_HS_EP1_OUT_IRQHandler
                0x08002710                WWDG_IRQHandler
                0x08002710                OTG_FS_WKUP_IRQHandler
                0x08002710                TIM1_TRG_COM_TIM11_IRQHandler
                0x08002710                OTG_HS_IRQHandler
                0x08002710                EXTI1_IRQHandler
                0x08002710                USART2_IRQHandler
                0x08002710                I2C2_ER_IRQHandler
                0x08002710                DMA2_Stream1_IRQHandler
                0x08002710                CAN1_SCE_IRQHandler
                0x08002710                FLASH_IRQHandler
                0x08002710                DMA2_Stream4_IRQHandler
                0x08002710                USART1_IRQHandler
                0x08002710                OTG_FS_IRQHandler
                0x08002710                SPI3_IRQHandler
                0x08002710                DMA1_Stream4_IRQHandler
                0x08002710                I2C1_ER_IRQHandler
                0x08002710                DMA2_Stream6_IRQHandler
                0x08002710                DMA1_Stream3_IRQHandler
 *fill*         0x08002712        0x2 
 .text.HAL_Init
                0x08002714       0x44 ./Drivers/STM32F4xx_HAL_Driver/Src/stm32f4xx_hal.o
                0x08002714                HAL_Init
 .text.HAL_InitTick
                0x08002758       0x60 ./Drivers/STM32F4xx_HAL_Driver/Src/stm32f4xx_hal.o
                0x08002758                HAL_InitTick
 .text.HAL_IncTick
                0x080027b8       0x28 ./Drivers/STM32F4xx_HAL_Driver/Src/stm32f4xx_hal.o
                0x080027b8                HAL_IncTick
 .text.HAL_GetTick
                0x080027e0       0x18 ./Drivers/STM32F4xx_HAL_Driver/Src/stm32f4xx_hal.o
                0x080027e0                HAL_GetTick
 .text.HAL_Delay
                0x080027f8       0x48 ./Drivers/STM32F4xx_HAL_Driver/Src/stm32f4xx_hal.o
                0x080027f8                HAL_Delay
 .text.__NVIC_SetPriorityGrouping
                0x08002840       0x48 ./Drivers/STM32F4xx_HAL_Driver/Src/stm32f4xx_hal_cortex.o
 .text.__NVIC_GetPriorityGrouping
                0x08002888       0x1c ./Drivers/STM32F4xx_HAL_Driver/Src/stm32f4xx_hal_cortex.o
 .text.__NVIC_EnableIRQ
                0x080028a4       0x3c ./Drivers/STM32F4xx_HAL_Driver/Src/stm32f4xx_hal_cortex.o
 .text.__NVIC_SetPriority
                0x080028e0       0x54 ./Drivers/STM32F4xx_HAL_Driver/Src/stm32f4xx_hal_cortex.o
 .text.NVIC_EncodePriority
                0x08002934       0x66 ./Drivers/STM32F4xx_HAL_Driver/Src/stm32f4xx_hal_cortex.o
 *fill*         0x0800299a        0x2 
 .text.SysTick_Config
                0x0800299c       0x44 ./Drivers/STM32F4xx_HAL_Driver/Src/stm32f4xx_hal_cortex.o
 .text.HAL_NVIC_SetPriorityGrouping
                0x080029e0       0x16 ./Drivers/STM32F4xx_HAL_Driver/Src/stm32f4xx_hal_cortex.o
                0x080029e0                HAL_NVIC_SetPriorityGrouping
 .text.HAL_NVIC_SetPriority
                0x080029f6       0x38 ./Drivers/STM32F4xx_HAL_Driver/Src/stm32f4xx_hal_cortex.o
                0x080029f6                HAL_NVIC_SetPriority
 .text.HAL_NVIC_EnableIRQ
                0x08002a2e       0x1c ./Drivers/STM32F4xx_HAL_Driver/Src/stm32f4xx_hal_cortex.o
                0x08002a2e                HAL_NVIC_EnableIRQ
 .text.HAL_SYSTICK_Config
                0x08002a4a       0x18 ./Drivers/STM32F4xx_HAL_Driver/Src/stm32f4xx_hal_cortex.o
                0x08002a4a                HAL_SYSTICK_Config
 .text.HAL_DMA_Abort_IT
                0x08002a62       0x44 ./Drivers/STM32F4xx_HAL_Driver/Src/stm32f4xx_hal_dma.o
                0x08002a62                HAL_DMA_Abort_IT
 .text.HAL_DMA_GetState
                0x08002aa6       0x1c ./Drivers/STM32F4xx_HAL_Driver/Src/stm32f4xx_hal_dma.o
                0x08002aa6                HAL_DMA_GetState
 *fill*         0x08002ac2        0x2 
 .text.HAL_GPIO_Init
                0x08002ac4      0x338 ./Drivers/STM32F4xx_HAL_Driver/Src/stm32f4xx_hal_gpio.o
                0x08002ac4                HAL_GPIO_Init
 .text.HAL_GPIO_WritePin
                0x08002dfc       0x32 ./Drivers/STM32F4xx_HAL_Driver/Src/stm32f4xx_hal_gpio.o
                0x08002dfc                HAL_GPIO_WritePin
 *fill*         0x08002e2e        0x2 
 .text.HAL_I2C_Init
                0x08002e30      0x288 ./Drivers/STM32F4xx_HAL_Driver/Src/stm32f4xx_hal_i2c.o
                0x08002e30                HAL_I2C_Init
 .text.I2C_Flush_DR
                0x080030b8       0x2a ./Drivers/STM32F4xx_HAL_Driver/Src/stm32f4xx_hal_i2c.o
 *fill*         0x080030e2        0x2 
 .text.HAL_I2C_Mem_Write
                0x080030e4      0x1f4 ./Drivers/STM32F4xx_HAL_Driver/Src/stm32f4xx_hal_i2c.o
                0x080030e4                HAL_I2C_Mem_Write
 .text.HAL_I2C_Mem_Read
                0x080032d8      0x464 ./Drivers/STM32F4xx_HAL_Driver/Src/stm32f4xx_hal_i2c.o
                0x080032d8                HAL_I2C_Mem_Read
 .text.HAL_I2C_EV_IRQHandler
                0x0800373c      0x2a6 ./Drivers/STM32F4xx_HAL_Driver/Src/stm32f4xx_hal_i2c.o
                0x0800373c                HAL_I2C_EV_IRQHandler
 .text.HAL_I2C_MasterTxCpltCallback
                0x080039e2       0x14 ./Drivers/STM32F4xx_HAL_Driver/Src/stm32f4xx_hal_i2c.o
                0x080039e2                HAL_I2C_MasterTxCpltCallback
 .text.HAL_I2C_MasterRxCpltCallback
                0x080039f6       0x14 ./Drivers/STM32F4xx_HAL_Driver/Src/stm32f4xx_hal_i2c.o
                0x080039f6                HAL_I2C_MasterRxCpltCallback
 .text.HAL_I2C_SlaveTxCpltCallback
                0x08003a0a       0x14 ./Drivers/STM32F4xx_HAL_Driver/Src/stm32f4xx_hal_i2c.o
                0x08003a0a                HAL_I2C_SlaveTxCpltCallback
 .text.HAL_I2C_SlaveRxCpltCallback
                0x08003a1e       0x14 ./Drivers/STM32F4xx_HAL_Driver/Src/stm32f4xx_hal_i2c.o
                0x08003a1e                HAL_I2C_SlaveRxCpltCallback
 .text.HAL_I2C_AddrCallback
                0x08003a32       0x1c ./Drivers/STM32F4xx_HAL_Driver/Src/stm32f4xx_hal_i2c.o
                0x08003a32                HAL_I2C_AddrCallback
 .text.HAL_I2C_ListenCpltCallback
                0x08003a4e       0x14 ./Drivers/STM32F4xx_HAL_Driver/Src/stm32f4xx_hal_i2c.o
                0x08003a4e                HAL_I2C_ListenCpltCallback
 .text.HAL_I2C_MemTxCpltCallback
                0x08003a62       0x14 ./Drivers/STM32F4xx_HAL_Driver/Src/stm32f4xx_hal_i2c.o
                0x08003a62                HAL_I2C_MemTxCpltCallback
 .text.HAL_I2C_MemRxCpltCallback
                0x08003a76       0x14 ./Drivers/STM32F4xx_HAL_Driver/Src/stm32f4xx_hal_i2c.o
                0x08003a76                HAL_I2C_MemRxCpltCallback
 .text.HAL_I2C_ErrorCallback
                0x08003a8a       0x14 ./Drivers/STM32F4xx_HAL_Driver/Src/stm32f4xx_hal_i2c.o
                0x08003a8a                HAL_I2C_ErrorCallback
 .text.HAL_I2C_AbortCpltCallback
                0x08003a9e       0x14 ./Drivers/STM32F4xx_HAL_Driver/Src/stm32f4xx_hal_i2c.o
                0x08003a9e                HAL_I2C_AbortCpltCallback
 .text.I2C_MasterTransmit_TXE
                0x08003ab2      0x138 ./Drivers/STM32F4xx_HAL_Driver/Src/stm32f4xx_hal_i2c.o
 .text.I2C_MasterTransmit_BTF
                0x08003bea       0xec ./Drivers/STM32F4xx_HAL_Driver/Src/stm32f4xx_hal_i2c.o
 .text.I2C_MemoryTransmit_TXE_BTF
                0x08003cd6      0x130 ./Drivers/STM32F4xx_HAL_Driver/Src/stm32f4xx_hal_i2c.o
 .text.I2C_MasterReceive_RXNE
                0x08003e06      0x190 ./Drivers/STM32F4xx_HAL_Driver/Src/stm32f4xx_hal_i2c.o
 .text.I2C_MasterReceive_BTF
                0x08003f96      0x1e2 ./Drivers/STM32F4xx_HAL_Driver/Src/stm32f4xx_hal_i2c.o
 .text.I2C_Master_SB
                0x08004178      0x10c ./Drivers/STM32F4xx_HAL_Driver/Src/stm32f4xx_hal_i2c.o
 .text.I2C_Master_ADD10
                0x08004284       0x54 ./Drivers/STM32F4xx_HAL_Driver/Src/stm32f4xx_hal_i2c.o
 .text.I2C_Master_ADDR
                0x080042d8      0x322 ./Drivers/STM32F4xx_HAL_Driver/Src/stm32f4xx_hal_i2c.o
 .text.I2C_SlaveTransmit_TXE
                0x080045fa       0x7a ./Drivers/STM32F4xx_HAL_Driver/Src/stm32f4xx_hal_i2c.o
 .text.I2C_SlaveTransmit_BTF
                0x08004674       0x42 ./Drivers/STM32F4xx_HAL_Driver/Src/stm32f4xx_hal_i2c.o
 .text.I2C_SlaveReceive_RXNE
                0x080046b6       0x7c ./Drivers/STM32F4xx_HAL_Driver/Src/stm32f4xx_hal_i2c.o
 .text.I2C_SlaveReceive_BTF
                0x08004732       0x44 ./Drivers/STM32F4xx_HAL_Driver/Src/stm32f4xx_hal_i2c.o
 .text.I2C_Slave_ADDR
                0x08004776       0x90 ./Drivers/STM32F4xx_HAL_Driver/Src/stm32f4xx_hal_i2c.o
 *fill*         0x08004806        0x2 
 .text.I2C_Slave_STOPF
                0x08004808      0x260 ./Drivers/STM32F4xx_HAL_Driver/Src/stm32f4xx_hal_i2c.o
 .text.I2C_ITError
                0x08004a68      0x264 ./Drivers/STM32F4xx_HAL_Driver/Src/stm32f4xx_hal_i2c.o
 .text.I2C_RequestMemoryWrite
                0x08004ccc      0x12c ./Drivers/STM32F4xx_HAL_Driver/Src/stm32f4xx_hal_i2c.o
 .text.I2C_RequestMemoryRead
                0x08004df8      0x1d0 ./Drivers/STM32F4xx_HAL_Driver/Src/stm32f4xx_hal_i2c.o
 .text.I2C_DMAAbort
                0x08004fc8      0x150 ./Drivers/STM32F4xx_HAL_Driver/Src/stm32f4xx_hal_i2c.o
 .text.I2C_WaitOnFlagUntilTimeout
                0x08005118       0xf4 ./Drivers/STM32F4xx_HAL_Driver/Src/stm32f4xx_hal_i2c.o
 .text.I2C_WaitOnMasterAddressFlagUntilTimeout
                0x0800520c      0x140 ./Drivers/STM32F4xx_HAL_Driver/Src/stm32f4xx_hal_i2c.o
 .text.I2C_WaitOnTXEFlagUntilTimeout
                0x0800534c       0x90 ./Drivers/STM32F4xx_HAL_Driver/Src/stm32f4xx_hal_i2c.o
 .text.I2C_WaitOnBTFFlagUntilTimeout
                0x080053dc       0x90 ./Drivers/STM32F4xx_HAL_Driver/Src/stm32f4xx_hal_i2c.o
 .text.I2C_WaitOnSTOPRequestThroughIT
                0x0800546c       0x64 ./Drivers/STM32F4xx_HAL_Driver/Src/stm32f4xx_hal_i2c.o
 .text.I2C_WaitOnRXNEFlagUntilTimeout
                0x080054d0       0xba ./Drivers/STM32F4xx_HAL_Driver/Src/stm32f4xx_hal_i2c.o
 .text.I2C_IsAcknowledgeFailed
                0x0800558a       0x5e ./Drivers/STM32F4xx_HAL_Driver/Src/stm32f4xx_hal_i2c.o
 .text.I2C_ConvertOtherXferOptions
                0x080055e8       0x36 ./Drivers/STM32F4xx_HAL_Driver/Src/stm32f4xx_hal_i2c.o
 *fill*         0x0800561e        0x2 
 .text.HAL_RCC_OscConfig
                0x08005620      0x4f0 ./Drivers/STM32F4xx_HAL_Driver/Src/stm32f4xx_hal_rcc.o
                0x08005620                HAL_RCC_OscConfig
 .text.HAL_RCC_ClockConfig
                0x08005b10      0x1cc ./Drivers/STM32F4xx_HAL_Driver/Src/stm32f4xx_hal_rcc.o
                0x08005b10                HAL_RCC_ClockConfig
 .text.HAL_RCC_GetSysClockFreq
                0x08005cdc      0x20c ./Drivers/STM32F4xx_HAL_Driver/Src/stm32f4xx_hal_rcc.o
                0x08005cdc                HAL_RCC_GetSysClockFreq
 .text.HAL_RCC_GetHCLKFreq
                0x08005ee8       0x18 ./Drivers/STM32F4xx_HAL_Driver/Src/stm32f4xx_hal_rcc.o
                0x08005ee8                HAL_RCC_GetHCLKFreq
 .text.HAL_RCC_GetPCLK1Freq
                0x08005f00       0x28 ./Drivers/STM32F4xx_HAL_Driver/Src/stm32f4xx_hal_rcc.o
                0x08005f00                HAL_RCC_GetPCLK1Freq
 .text.HAL_SPI_Init
                0x08005f28      0x112 ./Drivers/STM32F4xx_HAL_Driver/Src/stm32f4xx_hal_spi.o
                0x08005f28                HAL_SPI_Init
 .text.HAL_SPI_Transmit
                0x0800603a      0x288 ./Drivers/STM32F4xx_HAL_Driver/Src/stm32f4xx_hal_spi.o
                0x0800603a                HAL_SPI_Transmit
 .text.HAL_SPI_Receive
                0x080062c2      0x232 ./Drivers/STM32F4xx_HAL_Driver/Src/stm32f4xx_hal_spi.o
                0x080062c2                HAL_SPI_Receive
 .text.HAL_SPI_TransmitReceive
                0x080064f4      0x352 ./Drivers/STM32F4xx_HAL_Driver/Src/stm32f4xx_hal_spi.o
                0x080064f4                HAL_SPI_TransmitReceive
 *fill*         0x08006846        0x2 
 .text.SPI_WaitFlagStateUntilTimeout
                0x08006848      0x110 ./Drivers/STM32F4xx_HAL_Driver/Src/stm32f4xx_hal_spi.o
 .text.SPI_EndRxTransaction
                0x08006958       0xca ./Drivers/STM32F4xx_HAL_Driver/Src/stm32f4xx_hal_spi.o
 *fill*         0x08006a22        0x2 
 .text.SPI_EndRxTxTransaction
                0x08006a24       0xa8 ./Drivers/STM32F4xx_HAL_Driver/Src/stm32f4xx_hal_spi.o
 .text.HAL_TIM_Base_Init
                0x08006acc       0x9e ./Drivers/STM32F4xx_HAL_Driver/Src/stm32f4xx_hal_tim.o
                0x08006acc                HAL_TIM_Base_Init
 *fill*         0x08006b6a        0x2 
 .text.HAL_TIM_Base_Start_IT
                0x08006b6c       0xe0 ./Drivers/STM32F4xx_HAL_Driver/Src/stm32f4xx_hal_tim.o
                0x08006b6c                HAL_TIM_Base_Start_IT
 .text.HAL_TIM_IRQHandler
                0x08006c4c      0x1e0 ./Drivers/STM32F4xx_HAL_Driver/Src/stm32f4xx_hal_tim.o
                0x08006c4c                HAL_TIM_IRQHandler
 .text.HAL_TIM_ConfigClockSource
                0x08006e2c      0x18e ./Drivers/STM32F4xx_HAL_Driver/Src/stm32f4xx_hal_tim.o
                0x08006e2c                HAL_TIM_ConfigClockSource
 .text.HAL_TIM_OC_DelayElapsedCallback
                0x08006fba       0x14 ./Drivers/STM32F4xx_HAL_Driver/Src/stm32f4xx_hal_tim.o
                0x08006fba                HAL_TIM_OC_DelayElapsedCallback
 .text.HAL_TIM_IC_CaptureCallback
                0x08006fce       0x14 ./Drivers/STM32F4xx_HAL_Driver/Src/stm32f4xx_hal_tim.o
                0x08006fce                HAL_TIM_IC_CaptureCallback
 .text.HAL_TIM_PWM_PulseFinishedCallback
                0x08006fe2       0x14 ./Drivers/STM32F4xx_HAL_Driver/Src/stm32f4xx_hal_tim.o
                0x08006fe2                HAL_TIM_PWM_PulseFinishedCallback
 .text.HAL_TIM_TriggerCallback
                0x08006ff6       0x14 ./Drivers/STM32F4xx_HAL_Driver/Src/stm32f4xx_hal_tim.o
                0x08006ff6                HAL_TIM_TriggerCallback
 *fill*         0x0800700a        0x2 
 .text.TIM_Base_SetConfig
                0x0800700c      0x14c ./Drivers/STM32F4xx_HAL_Driver/Src/stm32f4xx_hal_tim.o
                0x0800700c                TIM_Base_SetConfig
 .text.TIM_TI1_ConfigInputStage
                0x08007158       0x5e ./Drivers/STM32F4xx_HAL_Driver/Src/stm32f4xx_hal_tim.o
 .text.TIM_TI2_ConfigInputStage
                0x080071b6       0x60 ./Drivers/STM32F4xx_HAL_Driver/Src/stm32f4xx_hal_tim.o
 .text.TIM_ITRx_SetConfig
                0x08007216       0x36 ./Drivers/STM32F4xx_HAL_Driver/Src/stm32f4xx_hal_tim.o
 .text.TIM_ETR_SetConfig
                0x0800724c       0x40 ./Drivers/STM32F4xx_HAL_Driver/Src/stm32f4xx_hal_tim.o
                0x0800724c                TIM_ETR_SetConfig
 .text.HAL_TIMEx_MasterConfigSynchronization
                0x0800728c       0xf8 ./Drivers/STM32F4xx_HAL_Driver/Src/stm32f4xx_hal_tim_ex.o
                0x0800728c                HAL_TIMEx_MasterConfigSynchronization
 .text.HAL_TIMEx_CommutCallback
                0x08007384       0x14 ./Drivers/STM32F4xx_HAL_Driver/Src/stm32f4xx_hal_tim_ex.o
                0x08007384                HAL_TIMEx_CommutCallback
 .text.HAL_TIMEx_BreakCallback
                0x08007398       0x14 ./Drivers/STM32F4xx_HAL_Driver/Src/stm32f4xx_hal_tim_ex.o
                0x08007398                HAL_TIMEx_BreakCallback
 *fill*         0x080073ac        0x4 
 .text.b_atan2  0x080073b0      0x164 ./snaekf01/Src/ekf10Init.o
 .text.b_diag   0x08007514       0xac ./snaekf01/Src/ekf10Init.o
 .text.b_eye    0x080075c0       0xb8 ./snaekf01/Src/ekf10Init.o
 .text.b_norm   0x08007678      0x200 ./snaekf01/Src/ekf10Init.o
 .text.blkdiag  0x08007878      0x136 ./snaekf01/Src/ekf10Init.o
 *fill*         0x080079ae        0x2 
 .text.c_norm   0x080079b0      0x154 ./snaekf01/Src/ekf10Init.o
 .text.diag     0x08007b04       0x5a ./snaekf01/Src/ekf10Init.o
 *fill*         0x08007b5e        0x2 
 .text.ecompass
                0x08007b60      0xab8 ./snaekf01/Src/ekf10Init.o
 .text.eye      0x08008618       0x58 ./snaekf01/Src/ekf10Init.o
 .text.mrdiv    0x08008670      0x800 ./snaekf01/Src/ekf10Init.o
 .text.quat2eul
                0x08008e70      0x4a0 ./snaekf01/Src/ekf10Init.o
 .text.quat2rotm
                0x08009310      0x4a0 ./snaekf01/Src/ekf10Init.o
 .text.quatinv  0x080097b0      0x136 ./snaekf01/Src/ekf10Init.o
 .text.quatmultiply
                0x080098e6      0x284 ./snaekf01/Src/ekf10Init.o
 *fill*         0x08009b6a        0x6 
 .text.quatnormalize
                0x08009b70      0x138 ./snaekf01/Src/ekf10Init.o
 .text.rt_powd_snf
                0x08009ca8      0x23c ./snaekf01/Src/ekf10Init.o
 *fill*         0x08009ee4        0x4 
 .text.ekf10Init
                0x08009ee8      0x1dc ./snaekf01/Src/ekf10Init.o
                0x08009ee8                ekf10Init
 *fill*         0x0800a0c4        0x4 
 .text.ekf10Step
                0x0800a0c8     0x2074 ./snaekf01/Src/ekf10Init.o
                0x0800a0c8                ekf10Step
 .text.initStateEKF
                0x0800c13c       0x9c ./snaekf01/Src/ekf10Init.o
                0x0800c13c                initStateEKF
 .text.mcalib   0x0800c1d8      0x124 ./snaekf01/Src/mcalib.o
                0x0800c1d8                mcalib
 .text.rtIsInf  0x0800c2fc       0x5c ./snaekf01/Src/rt_nonfinite.o
                0x0800c2fc                rtIsInf
 .text.rtIsNaN  0x0800c358       0x2a ./snaekf01/Src/rt_nonfinite.o
                0x0800c358                rtIsNaN
 .text.memset   0x0800c382       0x10 C:/ST/STM32CubeIDE_1.12.0/STM32CubeIDE/plugins/com.st.stm32cube.ide.mcu.externaltools.gnu-tools-for-stm32.12.3.rel1.win32_1.1.0.202410251130/tools/bin/../lib/gcc/arm-none-eabi/12.3.1/../../../../arm-none-eabi/lib/thumb/v7e-m+fp/hard\libc_nano.a(libc_a-memset.o)
                0x0800c382                memset
 *fill*         0x0800c392        0x2 
 .text.__errno  0x0800c394        0xc C:/ST/STM32CubeIDE_1.12.0/STM32CubeIDE/plugins/com.st.stm32cube.ide.mcu.externaltools.gnu-tools-for-stm32.12.3.rel1.win32_1.1.0.202410251130/tools/bin/../lib/gcc/arm-none-eabi/12.3.1/../../../../arm-none-eabi/lib/thumb/v7e-m+fp/hard\libc_nano.a(libc_a-errno.o)
                0x0800c394                __errno
 .text.__libc_init_array
                0x0800c3a0       0x48 C:/ST/STM32CubeIDE_1.12.0/STM32CubeIDE/plugins/com.st.stm32cube.ide.mcu.externaltools.gnu-tools-for-stm32.12.3.rel1.win32_1.1.0.202410251130/tools/bin/../lib/gcc/arm-none-eabi/12.3.1/../../../../arm-none-eabi/lib/thumb/v7e-m+fp/hard\libc_nano.a(libc_a-init.o)
                0x0800c3a0                __libc_init_array
 .text.memcpy   0x0800c3e8       0x1c C:/ST/STM32CubeIDE_1.12.0/STM32CubeIDE/plugins/com.st.stm32cube.ide.mcu.externaltools.gnu-tools-for-stm32.12.3.rel1.win32_1.1.0.202410251130/tools/bin/../lib/gcc/arm-none-eabi/12.3.1/../../../../arm-none-eabi/lib/thumb/v7e-m+fp/hard\libc_nano.a(libc_a-memcpy-stub.o)
                0x0800c3e8                memcpy
 .text.asin     0x0800c404       0x68 C:/ST/STM32CubeIDE_1.12.0/STM32CubeIDE/plugins/com.st.stm32cube.ide.mcu.externaltools.gnu-tools-for-stm32.12.3.rel1.win32_1.1.0.202410251130/tools/bin/../lib/gcc/arm-none-eabi/12.3.1/../../../../arm-none-eabi/lib/thumb/v7e-m+fp/hard\libm.a(libm_a-w_asin.o)
                0x0800c404                asin
 .text.atan2    0x0800c46c        0x4 C:/ST/STM32CubeIDE_1.12.0/STM32CubeIDE/plugins/com.st.stm32cube.ide.mcu.externaltools.gnu-tools-for-stm32.12.3.rel1.win32_1.1.0.202410251130/tools/bin/../lib/gcc/arm-none-eabi/12.3.1/../../../../arm-none-eabi/lib/thumb/v7e-m+fp/hard\libm.a(libm_a-w_atan2.o)
                0x0800c46c                atan2
 .text.pow      0x0800c470       0xe0 C:/ST/STM32CubeIDE_1.12.0/STM32CubeIDE/plugins/com.st.stm32cube.ide.mcu.externaltools.gnu-tools-for-stm32.12.3.rel1.win32_1.1.0.202410251130/tools/bin/../lib/gcc/arm-none-eabi/12.3.1/../../../../arm-none-eabi/lib/thumb/v7e-m+fp/hard\libm.a(libm_a-w_pow.o)
                0x0800c470                pow
 .text.sqrt     0x0800c550       0x58 C:/ST/STM32CubeIDE_1.12.0/STM32CubeIDE/plugins/com.st.stm32cube.ide.mcu.externaltools.gnu-tools-for-stm32.12.3.rel1.win32_1.1.0.202410251130/tools/bin/../lib/gcc/arm-none-eabi/12.3.1/../../../../arm-none-eabi/lib/thumb/v7e-m+fp/hard\libm.a(libm_a-w_sqrt.o)
                0x0800c550                sqrt
 .text.fabs     0x0800c5a8       0x10 C:/ST/STM32CubeIDE_1.12.0/STM32CubeIDE/plugins/com.st.stm32cube.ide.mcu.externaltools.gnu-tools-for-stm32.12.3.rel1.win32_1.1.0.202410251130/tools/bin/../lib/gcc/arm-none-eabi/12.3.1/../../../../arm-none-eabi/lib/thumb/v7e-m+fp/hard\libm.a(libm_a-s_fabs.o)
                0x0800c5a8                fabs
 .text.finite   0x0800c5b8       0x16 C:/ST/STM32CubeIDE_1.12.0/STM32CubeIDE/plugins/com.st.stm32cube.ide.mcu.externaltools.gnu-tools-for-stm32.12.3.rel1.win32_1.1.0.202410251130/tools/bin/../lib/gcc/arm-none-eabi/12.3.1/../../../../arm-none-eabi/lib/thumb/v7e-m+fp/hard\libm.a(libm_a-s_finite.o)
                0x0800c5b8                finite
 *fill*         0x0800c5ce        0x2 
 .text.nan      0x0800c5d0       0x10 C:/ST/STM32CubeIDE_1.12.0/STM32CubeIDE/plugins/com.st.stm32cube.ide.mcu.externaltools.gnu-tools-for-stm32.12.3.rel1.win32_1.1.0.202410251130/tools/bin/../lib/gcc/arm-none-eabi/12.3.1/../../../../arm-none-eabi/lib/thumb/v7e-m+fp/hard\libm.a(libm_a-s_nan.o)
                0x0800c5d0                nan
 .text.__ieee754_sqrt
                0x0800c5e0      0x1b4 C:/ST/STM32CubeIDE_1.12.0/STM32CubeIDE/plugins/com.st.stm32cube.ide.mcu.externaltools.gnu-tools-for-stm32.12.3.rel1.win32_1.1.0.202410251130/tools/bin/../lib/gcc/arm-none-eabi/12.3.1/../../../../arm-none-eabi/lib/thumb/v7e-m+fp/hard\libm.a(libm_a-e_sqrt.o)
                0x0800c5e0                __ieee754_sqrt
 *fill*         0x0800c794        0x4 
 .text.floor    0x0800c798       0xf8 C:/ST/STM32CubeIDE_1.12.0/STM32CubeIDE/plugins/com.st.stm32cube.ide.mcu.externaltools.gnu-tools-for-stm32.12.3.rel1.win32_1.1.0.202410251130/tools/bin/../lib/gcc/arm-none-eabi/12.3.1/../../../../arm-none-eabi/lib/thumb/v7e-m+fp/hard\libm.a(libm_a-s_floor.o)
                0x0800c798                floor
 .text.__ieee754_asin
                0x0800c890      0x408 C:/ST/STM32CubeIDE_1.12.0/STM32CubeIDE/plugins/com.st.stm32cube.ide.mcu.externaltools.gnu-tools-for-stm32.12.3.rel1.win32_1.1.0.202410251130/tools/bin/../lib/gcc/arm-none-eabi/12.3.1/../../../../arm-none-eabi/lib/thumb/v7e-m+fp/hard\libm.a(libm_a-e_asin.o)
                0x0800c890                __ieee754_asin
 .text.__ieee754_atan2
                0x0800cc98      0x18c C:/ST/STM32CubeIDE_1.12.0/STM32CubeIDE/plugins/com.st.stm32cube.ide.mcu.externaltools.gnu-tools-for-stm32.12.3.rel1.win32_1.1.0.202410251130/tools/bin/../lib/gcc/arm-none-eabi/12.3.1/../../../../arm-none-eabi/lib/thumb/v7e-m+fp/hard\libm.a(libm_a-e_atan2.o)
                0x0800cc98                __ieee754_atan2
 *fill*         0x0800ce24        0x4 
 .text.__ieee754_pow
                0x0800ce28      0xa88 C:/ST/STM32CubeIDE_1.12.0/STM32CubeIDE/plugins/com.st.stm32cube.ide.mcu.externaltools.gnu-tools-for-stm32.12.3.rel1.win32_1.1.0.202410251130/tools/bin/../lib/gcc/arm-none-eabi/12.3.1/../../../../arm-none-eabi/lib/thumb/v7e-m+fp/hard\libm.a(libm_a-e_pow.o)
                0x0800ce28                __ieee754_pow
 .text.atan     0x0800d8b0      0x330 C:/ST/STM32CubeIDE_1.12.0/STM32CubeIDE/plugins/com.st.stm32cube.ide.mcu.externaltools.gnu-tools-for-stm32.12.3.rel1.win32_1.1.0.202410251130/tools/bin/../lib/gcc/arm-none-eabi/12.3.1/../../../../arm-none-eabi/lib/thumb/v7e-m+fp/hard\libm.a(libm_a-s_atan.o)
                0x0800d8b0                atan
 .text.scalbn   0x0800dbe0       0xfc C:/ST/STM32CubeIDE_1.12.0/STM32CubeIDE/plugins/com.st.stm32cube.ide.mcu.externaltools.gnu-tools-for-stm32.12.3.rel1.win32_1.1.0.202410251130/tools/bin/../lib/gcc/arm-none-eabi/12.3.1/../../../../arm-none-eabi/lib/thumb/v7e-m+fp/hard\libm.a(libm_a-s_scalbn.o)
                0x0800dbe0                scalbn
 .text.with_errno
                0x0800dcdc       0x24 C:/ST/STM32CubeIDE_1.12.0/STM32CubeIDE/plugins/com.st.stm32cube.ide.mcu.externaltools.gnu-tools-for-stm32.12.3.rel1.win32_1.1.0.202410251130/tools/bin/../lib/gcc/arm-none-eabi/12.3.1/../../../../arm-none-eabi/lib/thumb/v7e-m+fp/hard\libm.a(libm_a-math_err.o)
 .text.xflow    0x0800dd00       0x32 C:/ST/STM32CubeIDE_1.12.0/STM32CubeIDE/plugins/com.st.stm32cube.ide.mcu.externaltools.gnu-tools-for-stm32.12.3.rel1.win32_1.1.0.202410251130/tools/bin/../lib/gcc/arm-none-eabi/12.3.1/../../../../arm-none-eabi/lib/thumb/v7e-m+fp/hard\libm.a(libm_a-math_err.o)
 *fill*         0x0800dd32        0x6 
 .text.__math_uflow
                0x0800dd38       0x10 C:/ST/STM32CubeIDE_1.12.0/STM32CubeIDE/plugins/com.st.stm32cube.ide.mcu.externaltools.gnu-tools-for-stm32.12.3.rel1.win32_1.1.0.202410251130/tools/bin/../lib/gcc/arm-none-eabi/12.3.1/../../../../arm-none-eabi/lib/thumb/v7e-m+fp/hard\libm.a(libm_a-math_err.o)
                0x0800dd38                __math_uflow
 .text.__math_oflow
                0x0800dd48       0x10 C:/ST/STM32CubeIDE_1.12.0/STM32CubeIDE/plugins/com.st.stm32cube.ide.mcu.externaltools.gnu-tools-for-stm32.12.3.rel1.win32_1.1.0.202410251130/tools/bin/../lib/gcc/arm-none-eabi/12.3.1/../../../../arm-none-eabi/lib/thumb/v7e-m+fp/hard\libm.a(libm_a-math_err.o)
                0x0800dd48                __math_oflow
 *(.glue_7)
 .glue_7        0x0800dd58        0x0 linker stubs
 *(.glue_7t)
 .glue_7t       0x0800dd58        0x0 linker stubs
 *(.eh_frame)
 .eh_frame      0x0800dd58        0x0 C:/ST/STM32CubeIDE_1.12.0/STM32CubeIDE/plugins/com.st.stm32cube.ide.mcu.externaltools.gnu-tools-for-stm32.12.3.rel1.win32_1.1.0.202410251130/tools/bin/../lib/gcc/arm-none-eabi/12.3.1/thumb/v7e-m+fp/hard/crtbegin.o
 *(.init)
 .init          0x0800dd58        0x4 C:/ST/STM32CubeIDE_1.12.0/STM32CubeIDE/plugins/com.st.stm32cube.ide.mcu.externaltools.gnu-tools-for-stm32.12.3.rel1.win32_1.1.0.202410251130/tools/bin/../lib/gcc/arm-none-eabi/12.3.1/thumb/v7e-m+fp/hard/crti.o
                0x0800dd58                _init
 .init          0x0800dd5c        0x8 C:/ST/STM32CubeIDE_1.12.0/STM32CubeIDE/plugins/com.st.stm32cube.ide.mcu.externaltools.gnu-tools-for-stm32.12.3.rel1.win32_1.1.0.202410251130/tools/bin/../lib/gcc/arm-none-eabi/12.3.1/thumb/v7e-m+fp/hard/crtn.o
 *(.fini)
 .fini          0x0800dd64        0x4 C:/ST/STM32CubeIDE_1.12.0/STM32CubeIDE/plugins/com.st.stm32cube.ide.mcu.externaltools.gnu-tools-for-stm32.12.3.rel1.win32_1.1.0.202410251130/tools/bin/../lib/gcc/arm-none-eabi/12.3.1/thumb/v7e-m+fp/hard/crti.o
                0x0800dd64                _fini
 .fini          0x0800dd68        0x8 C:/ST/STM32CubeIDE_1.12.0/STM32CubeIDE/plugins/com.st.stm32cube.ide.mcu.externaltools.gnu-tools-for-stm32.12.3.rel1.win32_1.1.0.202410251130/tools/bin/../lib/gcc/arm-none-eabi/12.3.1/thumb/v7e-m+fp/hard/crtn.o
                0x0800dd70                        . = ALIGN (0x4)
                0x0800dd70                        _etext = .

.vfp11_veneer   0x0800dd70        0x0
 .vfp11_veneer  0x0800dd70        0x0 linker stubs

.v4_bx          0x0800dd70        0x0
 .v4_bx         0x0800dd70        0x0 linker stubs

.iplt           0x0800dd70        0x0
 .iplt          0x0800dd70        0x0 C:/ST/STM32CubeIDE_1.12.0/STM32CubeIDE/plugins/com.st.stm32cube.ide.mcu.externaltools.gnu-tools-for-stm32.12.3.rel1.win32_1.1.0.202410251130/tools/bin/../lib/gcc/arm-none-eabi/12.3.1/thumb/v7e-m+fp/hard/crtbegin.o

.rodata         0x0800dd70      0x160
                0x0800dd70                        . = ALIGN (0x4)
 *(.rodata)
 *(.rodata*)
 .rodata.AHBPrescTable
                0x0800dd70       0x10 ./Core/Src/system_stm32f4xx.o
                0x0800dd70                AHBPrescTable
 .rodata.APBPrescTable
                0x0800dd80        0x8 ./Core/Src/system_stm32f4xx.o
                0x0800dd80                APBPrescTable
 .rodata.dv.1   0x0800dd88       0x30 ./snaekf01/Src/ekf10Init.o
 .rodata.iv.0   0x0800ddb8       0x24 ./snaekf01/Src/ekf10Init.o
 *fill*         0x0800dddc        0x4 
 .rodata.b.0    0x0800dde0       0x48 ./snaekf01/Src/mcalib.o
 .rodata.asin.str1.1
                0x0800de28        0x1 C:/ST/STM32CubeIDE_1.12.0/STM32CubeIDE/plugins/com.st.stm32cube.ide.mcu.externaltools.gnu-tools-for-stm32.12.3.rel1.win32_1.1.0.202410251130/tools/bin/../lib/gcc/arm-none-eabi/12.3.1/../../../../arm-none-eabi/lib/thumb/v7e-m+fp/hard\libm.a(libm_a-w_asin.o)
 *fill*         0x0800de29        0x7 
 .rodata.CSWTCH.9
                0x0800de30       0x18 C:/ST/STM32CubeIDE_1.12.0/STM32CubeIDE/plugins/com.st.stm32cube.ide.mcu.externaltools.gnu-tools-for-stm32.12.3.rel1.win32_1.1.0.202410251130/tools/bin/../lib/gcc/arm-none-eabi/12.3.1/../../../../arm-none-eabi/lib/thumb/v7e-m+fp/hard\libm.a(libm_a-e_atan2.o)
 .rodata.CSWTCH.8
                0x0800de48       0x18 C:/ST/STM32CubeIDE_1.12.0/STM32CubeIDE/plugins/com.st.stm32cube.ide.mcu.externaltools.gnu-tools-for-stm32.12.3.rel1.win32_1.1.0.202410251130/tools/bin/../lib/gcc/arm-none-eabi/12.3.1/../../../../arm-none-eabi/lib/thumb/v7e-m+fp/hard\libm.a(libm_a-e_atan2.o)
 .rodata.dp_l   0x0800de60       0x10 C:/ST/STM32CubeIDE_1.12.0/STM32CubeIDE/plugins/com.st.stm32cube.ide.mcu.externaltools.gnu-tools-for-stm32.12.3.rel1.win32_1.1.0.202410251130/tools/bin/../lib/gcc/arm-none-eabi/12.3.1/../../../../arm-none-eabi/lib/thumb/v7e-m+fp/hard\libm.a(libm_a-e_pow.o)
 .rodata.dp_h   0x0800de70       0x10 C:/ST/STM32CubeIDE_1.12.0/STM32CubeIDE/plugins/com.st.stm32cube.ide.mcu.externaltools.gnu-tools-for-stm32.12.3.rel1.win32_1.1.0.202410251130/tools/bin/../lib/gcc/arm-none-eabi/12.3.1/../../../../arm-none-eabi/lib/thumb/v7e-m+fp/hard\libm.a(libm_a-e_pow.o)
 .rodata.bp     0x0800de80       0x10 C:/ST/STM32CubeIDE_1.12.0/STM32CubeIDE/plugins/com.st.stm32cube.ide.mcu.externaltools.gnu-tools-for-stm32.12.3.rel1.win32_1.1.0.202410251130/tools/bin/../lib/gcc/arm-none-eabi/12.3.1/../../../../arm-none-eabi/lib/thumb/v7e-m+fp/hard\libm.a(libm_a-e_pow.o)
 .rodata.atanlo
                0x0800de90       0x20 C:/ST/STM32CubeIDE_1.12.0/STM32CubeIDE/plugins/com.st.stm32cube.ide.mcu.externaltools.gnu-tools-for-stm32.12.3.rel1.win32_1.1.0.202410251130/tools/bin/../lib/gcc/arm-none-eabi/12.3.1/../../../../arm-none-eabi/lib/thumb/v7e-m+fp/hard\libm.a(libm_a-s_atan.o)
 .rodata.atanhi
                0x0800deb0       0x20 C:/ST/STM32CubeIDE_1.12.0/STM32CubeIDE/plugins/com.st.stm32cube.ide.mcu.externaltools.gnu-tools-for-stm32.12.3.rel1.win32_1.1.0.202410251130/tools/bin/../lib/gcc/arm-none-eabi/12.3.1/../../../../arm-none-eabi/lib/thumb/v7e-m+fp/hard\libm.a(libm_a-s_atan.o)
                0x0800ded0                        . = ALIGN (0x4)

.ARM.extab      0x0800ded0        0x0
                0x0800ded0                        . = ALIGN (0x4)
 *(.ARM.extab* .gnu.linkonce.armextab.*)
                0x0800ded0                        . = ALIGN (0x4)

.ARM            0x0800ded0        0x8
                0x0800ded0                        . = ALIGN (0x4)
                0x0800ded0                        __exidx_start = .
 *(.ARM.exidx*)
 .ARM.exidx     0x0800ded0        0x8 C:/ST/STM32CubeIDE_1.12.0/STM32CubeIDE/plugins/com.st.stm32cube.ide.mcu.externaltools.gnu-tools-for-stm32.12.3.rel1.win32_1.1.0.202410251130/tools/bin/../lib/gcc/arm-none-eabi/12.3.1/thumb/v7e-m+fp/hard\libgcc.a(_udivmoddi4.o)
                0x0800ded8                        __exidx_end = .
                0x0800ded8                        . = ALIGN (0x4)

.preinit_array  0x0800ded8        0x0
                0x0800ded8                        . = ALIGN (0x4)
                0x0800ded8                        PROVIDE (__preinit_array_start = .)
 *(.preinit_array*)
                0x0800ded8                        PROVIDE (__preinit_array_end = .)
                0x0800ded8                        . = ALIGN (0x4)

.init_array     0x0800ded8        0x4
                0x0800ded8                        . = ALIGN (0x4)
                0x0800ded8                        PROVIDE (__init_array_start = .)
 *(SORT_BY_NAME(.init_array.*))
 *(.init_array*)
 .init_array    0x0800ded8        0x4 C:/ST/STM32CubeIDE_1.12.0/STM32CubeIDE/plugins/com.st.stm32cube.ide.mcu.externaltools.gnu-tools-for-stm32.12.3.rel1.win32_1.1.0.202410251130/tools/bin/../lib/gcc/arm-none-eabi/12.3.1/thumb/v7e-m+fp/hard/crtbegin.o
                0x0800dedc                        PROVIDE (__init_array_end = .)
                0x0800dedc                        . = ALIGN (0x4)

.fini_array     0x0800dedc        0x4
                0x0800dedc                        . = ALIGN (0x4)
                [!provide]                        PROVIDE (__fini_array_start = .)
 *(SORT_BY_NAME(.fini_array.*))
 *(.fini_array*)
 .fini_array    0x0800dedc        0x4 C:/ST/STM32CubeIDE_1.12.0/STM32CubeIDE/plugins/com.st.stm32cube.ide.mcu.externaltools.gnu-tools-for-stm32.12.3.rel1.win32_1.1.0.202410251130/tools/bin/../lib/gcc/arm-none-eabi/12.3.1/thumb/v7e-m+fp/hard/crtbegin.o
                [!provide]                        PROVIDE (__fini_array_end = .)
                0x0800dee0                        . = ALIGN (0x4)
                0x0800dee0                        _sidata = LOADADDR (.data)

.rel.dyn        0x0800dee0        0x0
 .rel.iplt      0x0800dee0        0x0 C:/ST/STM32CubeIDE_1.12.0/STM32CubeIDE/plugins/com.st.stm32cube.ide.mcu.externaltools.gnu-tools-for-stm32.12.3.rel1.win32_1.1.0.202410251130/tools/bin/../lib/gcc/arm-none-eabi/12.3.1/thumb/v7e-m+fp/hard/crtbegin.o

.data           0x20000000       0xa0 load address 0x0800dee0
                0x20000000                        . = ALIGN (0x4)
                0x20000000                        _sdata = .
 *(.data)
 *(.data*)
 .data.imuFs    0x20000000        0x8 ./Core/Src/main.o
                0x20000000                imuFs
 .data.RefAccel.1
                0x20000008       0x18 ./Core/Src/main.o
 .data.SystemCoreClock
                0x20000020        0x4 ./Core/Src/system_stm32f4xx.o
                0x20000020                SystemCoreClock
 .data.uwTickPrio
                0x20000024        0x4 ./Drivers/STM32F4xx_HAL_Driver/Src/stm32f4xx_hal.o
                0x20000024                uwTickPrio
 .data.uwTickFreq
                0x20000028        0x1 ./Drivers/STM32F4xx_HAL_Driver/Src/stm32f4xx_hal.o
                0x20000028                uwTickFreq
 *fill*         0x20000029        0x7 
 .data.rtNaN    0x20000030        0x8 ./snaekf01/Src/rt_nonfinite.o
                0x20000030                rtNaN
 .data.rtInf    0x20000038        0x8 ./snaekf01/Src/rt_nonfinite.o
                0x20000038                rtInf
 .data._impure_ptr
                0x20000040        0x4 C:/ST/STM32CubeIDE_1.12.0/STM32CubeIDE/plugins/com.st.stm32cube.ide.mcu.externaltools.gnu-tools-for-stm32.12.3.rel1.win32_1.1.0.202410251130/tools/bin/../lib/gcc/arm-none-eabi/12.3.1/../../../../arm-none-eabi/lib/thumb/v7e-m+fp/hard\libc_nano.a(libc_a-impure.o)
                0x20000040                _impure_ptr
 .data._impure_data
                0x20000044       0x4c C:/ST/STM32CubeIDE_1.12.0/STM32CubeIDE/plugins/com.st.stm32cube.ide.mcu.externaltools.gnu-tools-for-stm32.12.3.rel1.win32_1.1.0.202410251130/tools/bin/../lib/gcc/arm-none-eabi/12.3.1/../../../../arm-none-eabi/lib/thumb/v7e-m+fp/hard\libc_nano.a(libc_a-impure.o)
                0x20000044                _impure_data
 .data.tiny     0x20000090        0x8 C:/ST/STM32CubeIDE_1.12.0/STM32CubeIDE/plugins/com.st.stm32cube.ide.mcu.externaltools.gnu-tools-for-stm32.12.3.rel1.win32_1.1.0.202410251130/tools/bin/../lib/gcc/arm-none-eabi/12.3.1/../../../../arm-none-eabi/lib/thumb/v7e-m+fp/hard\libm.a(libm_a-e_sqrt.o)
 .data.one      0x20000098        0x8 C:/ST/STM32CubeIDE_1.12.0/STM32CubeIDE/plugins/com.st.stm32cube.ide.mcu.externaltools.gnu-tools-for-stm32.12.3.rel1.win32_1.1.0.202410251130/tools/bin/../lib/gcc/arm-none-eabi/12.3.1/../../../../arm-none-eabi/lib/thumb/v7e-m+fp/hard\libm.a(libm_a-e_sqrt.o)
 *(.RamFunc)
 *(.RamFunc*)
                0x200000a0                        . = ALIGN (0x4)
                0x200000a0                        _edata = .
                0x0800df80                        _siccmram = LOADADDR (.ccmram)

.igot.plt       0x200000a0        0x0 load address 0x0800df80
 .igot.plt      0x200000a0        0x0 C:/ST/STM32CubeIDE_1.12.0/STM32CubeIDE/plugins/com.st.stm32cube.ide.mcu.externaltools.gnu-tools-for-stm32.12.3.rel1.win32_1.1.0.202410251130/tools/bin/../lib/gcc/arm-none-eabi/12.3.1/thumb/v7e-m+fp/hard/crtbegin.o

.ccmram         0x10000000        0x0 load address 0x0800df80
                0x10000000                        . = ALIGN (0x4)
                0x10000000                        _sccmram = .
 *(.ccmram)
 *(.ccmram*)
                0x10000000                        . = ALIGN (0x4)
                0x10000000                        _eccmram = .
                0x10000000                        . = ALIGN (0x4)

.bss            0x200000a0      0x77c
                0x200000a0                        _sbss = .
                0x200000a0                        __bss_start__ = _sbss
 *(.bss)
 .bss           0x200000a0       0x1c C:/ST/STM32CubeIDE_1.12.0/STM32CubeIDE/plugins/com.st.stm32cube.ide.mcu.externaltools.gnu-tools-for-stm32.12.3.rel1.win32_1.1.0.202410251130/tools/bin/../lib/gcc/arm-none-eabi/12.3.1/thumb/v7e-m+fp/hard/crtbegin.o
 *(.bss*)
 .bss.Baro      0x200000bc       0x18 ./Core/Src/bmp280.o
                0x200000bc                Baro
 .bss.bmp280_cal
                0x200000d4       0x18 ./Core/Src/bmp280.o
                0x200000d4                bmp280_cal
 .bss.hi2c1     0x200000ec       0x54 ./Core/Src/i2c.o
                0x200000ec                hi2c1
 .bss.hi2c2     0x20000140       0x54 ./Core/Src/i2c.o
                0x20000140                hi2c2
 *fill*         0x20000194        0x4 
 .bss.initState
                0x20000198       0x30 ./Core/Src/main.o
                0x20000198                initState
 .bss.meanAccel
                0x200001c8       0x18 ./Core/Src/main.o
                0x200001c8                meanAccel
 .bss.meanGyro  0x200001e0       0x18 ./Core/Src/main.o
                0x200001e0                meanGyro
 .bss.meanMag   0x200001f8       0x18 ./Core/Src/main.o
                0x200001f8                meanMag
 .bss.meanAlti  0x20000210        0x8 ./Core/Src/main.o
                0x20000210                meanAlti
 .bss.AltiM     0x20000218        0x8 ./Core/Src/main.o
                0x20000218                AltiM
 .bss.VelM      0x20000220        0x8 ./Core/Src/main.o
                0x20000220                VelM
 .bss.imu       0x20000228       0x30 ./Core/Src/main.o
                0x20000228                imu
 .bss.magNED    0x20000258       0x18 ./Core/Src/main.o
                0x20000258                magNED
 .bss.eulDeg    0x20000270       0x18 ./Core/Src/main.o
                0x20000270                eulDeg
 .bss.sys       0x20000288      0x328 ./Core/Src/main.o
                0x20000288                sys
 .bss.alti      0x200005b0        0x8 ./Core/Src/main.o
                0x200005b0                alti
 .bss.AccelOffset
                0x200005b8       0x18 ./Core/Src/main.o
                0x200005b8                AccelOffset
 .bss.magNEDTmp.0
                0x200005d0       0x18 ./Core/Src/main.o
 .bss.gyroADC.1
                0x200005e8        0x6 ./Core/Src/mpu6500.o
 *fill*         0x200005ee        0x2 
 .bss.accelADC.0
                0x200005f0        0x6 ./Core/Src/mpu6500.o
 *fill*         0x200005f6        0x2 
 .bss.hspi1     0x200005f8       0x58 ./Core/Src/spi.o
                0x200005f8                hspi1
 .bss.htim2     0x20000650       0x48 ./Core/Src/tim.o
                0x20000650                htim2
 .bss.htim3     0x20000698       0x48 ./Core/Src/tim.o
                0x20000698                htim3
 .bss.uwTick    0x200006e0        0x4 ./Drivers/STM32F4xx_HAL_Driver/Src/stm32f4xx_hal.o
                0x200006e0                uwTick
 .bss.__sf      0x200006e4      0x138 C:/ST/STM32CubeIDE_1.12.0/STM32CubeIDE/plugins/com.st.stm32cube.ide.mcu.externaltools.gnu-tools-for-stm32.12.3.rel1.win32_1.1.0.202410251130/tools/bin/../lib/gcc/arm-none-eabi/12.3.1/../../../../arm-none-eabi/lib/thumb/v7e-m+fp/hard\libc_nano.a(libc_a-findfp.o)
                0x200006e4                __sf
 *(COMMON)
                0x2000081c                        . = ALIGN (0x4)
                0x2000081c                        _ebss = .
                0x2000081c                        __bss_end__ = _ebss

._user_heap_stack
                0x2000081c      0x604
                0x20000820                        . = ALIGN (0x8)
 *fill*         0x2000081c        0x4 
                [!provide]                        PROVIDE (end = .)
                0x20000820                        PROVIDE (_end = .)
                0x20000a20                        . = (. + _Min_Heap_Size)
 *fill*         0x20000820      0x200 
                0x20000e20                        . = (. + _Min_Stack_Size)
 *fill*         0x20000a20      0x400 
                0x20000e20                        . = ALIGN (0x8)

/DISCARD/
 libc.a(*)
 libm.a(*)
 libgcc.a(*)

.ARM.attributes
                0x00000000       0x30
 *(.ARM.attributes)
 .ARM.attributes
                0x00000000       0x22 C:/ST/STM32CubeIDE_1.12.0/STM32CubeIDE/plugins/com.st.stm32cube.ide.mcu.externaltools.gnu-tools-for-stm32.12.3.rel1.win32_1.1.0.202410251130/tools/bin/../lib/gcc/arm-none-eabi/12.3.1/thumb/v7e-m+fp/hard/crti.o
 .ARM.attributes
                0x00000022       0x34 C:/ST/STM32CubeIDE_1.12.0/STM32CubeIDE/plugins/com.st.stm32cube.ide.mcu.externaltools.gnu-tools-for-stm32.12.3.rel1.win32_1.1.0.202410251130/tools/bin/../lib/gcc/arm-none-eabi/12.3.1/thumb/v7e-m+fp/hard/crtbegin.o
 .ARM.attributes
                0x00000056       0x34 ./Core/Src/QMC5883P.o
 .ARM.attributes
                0x0000008a       0x34 ./Core/Src/bmp280.o
 .ARM.attributes
                0x000000be       0x34 ./Core/Src/gpio.o
 .ARM.attributes
                0x000000f2       0x34 ./Core/Src/i2c.o
 .ARM.attributes
                0x00000126       0x34 ./Core/Src/main.o
 .ARM.attributes
                0x0000015a       0x34 ./Core/Src/mpu6500.o
 .ARM.attributes
                0x0000018e       0x34 ./Core/Src/spi.o
 .ARM.attributes
                0x000001c2       0x34 ./Core/Src/stm32f4xx_hal_msp.o
 .ARM.attributes
                0x000001f6       0x34 ./Core/Src/stm32f4xx_it.o
 .ARM.attributes
                0x0000022a       0x34 ./Core/Src/system_stm32f4xx.o
 .ARM.attributes
                0x0000025e       0x34 ./Core/Src/tim.o
 .ARM.attributes
                0x00000292       0x21 ./Core/Startup/startup_stm32f405rgtx.o
 .ARM.attributes
                0x000002b3       0x34 ./Drivers/STM32F4xx_HAL_Driver/Src/stm32f4xx_hal.o
 .ARM.attributes
                0x000002e7       0x34 ./Drivers/STM32F4xx_HAL_Driver/Src/stm32f4xx_hal_cortex.o
 .ARM.attributes
                0x0000031b       0x34 ./Drivers/STM32F4xx_HAL_Driver/Src/stm32f4xx_hal_dma.o
 .ARM.attributes
                0x0000034f       0x34 ./Drivers/STM32F4xx_HAL_Driver/Src/stm32f4xx_hal_gpio.o
 .ARM.attributes
                0x00000383       0x34 ./Drivers/STM32F4xx_HAL_Driver/Src/stm32f4xx_hal_i2c.o
 .ARM.attributes
                0x000003b7       0x34 ./Drivers/STM32F4xx_HAL_Driver/Src/stm32f4xx_hal_rcc.o
 .ARM.attributes
                0x000003eb       0x34 ./Drivers/STM32F4xx_HAL_Driver/Src/stm32f4xx_hal_spi.o
 .ARM.attributes
                0x0000041f       0x34 ./Drivers/STM32F4xx_HAL_Driver/Src/stm32f4xx_hal_tim.o
 .ARM.attributes
                0x00000453       0x34 ./Drivers/STM32F4xx_HAL_Driver/Src/stm32f4xx_hal_tim_ex.o
 .ARM.attributes
                0x00000487       0x34 ./snaekf01/Src/ekf10Init.o
 .ARM.attributes
                0x000004bb       0x34 ./snaekf01/Src/mcalib.o
 .ARM.attributes
                0x000004ef       0x34 ./snaekf01/Src/rt_nonfinite.o
 .ARM.attributes
                0x00000523       0x34 C:/ST/STM32CubeIDE_1.12.0/STM32CubeIDE/plugins/com.st.stm32cube.ide.mcu.externaltools.gnu-tools-for-stm32.12.3.rel1.win32_1.1.0.202410251130/tools/bin/../lib/gcc/arm-none-eabi/12.3.1/../../../../arm-none-eabi/lib/thumb/v7e-m+fp/hard\libc_nano.a(libc_a-findfp.o)
 .ARM.attributes
                0x00000557       0x34 C:/ST/STM32CubeIDE_1.12.0/STM32CubeIDE/plugins/com.st.stm32cube.ide.mcu.externaltools.gnu-tools-for-stm32.12.3.rel1.win32_1.1.0.202410251130/tools/bin/../lib/gcc/arm-none-eabi/12.3.1/../../../../arm-none-eabi/lib/thumb/v7e-m+fp/hard\libc_nano.a(libc_a-memset.o)
 .ARM.attributes
                0x0000058b       0x34 C:/ST/STM32CubeIDE_1.12.0/STM32CubeIDE/plugins/com.st.stm32cube.ide.mcu.externaltools.gnu-tools-for-stm32.12.3.rel1.win32_1.1.0.202410251130/tools/bin/../lib/gcc/arm-none-eabi/12.3.1/../../../../arm-none-eabi/lib/thumb/v7e-m+fp/hard\libc_nano.a(libc_a-impure.o)
 .ARM.attributes
                0x000005bf       0x34 C:/ST/STM32CubeIDE_1.12.0/STM32CubeIDE/plugins/com.st.stm32cube.ide.mcu.externaltools.gnu-tools-for-stm32.12.3.rel1.win32_1.1.0.202410251130/tools/bin/../lib/gcc/arm-none-eabi/12.3.1/../../../../arm-none-eabi/lib/thumb/v7e-m+fp/hard\libc_nano.a(libc_a-errno.o)
 .ARM.attributes
                0x000005f3       0x34 C:/ST/STM32CubeIDE_1.12.0/STM32CubeIDE/plugins/com.st.stm32cube.ide.mcu.externaltools.gnu-tools-for-stm32.12.3.rel1.win32_1.1.0.202410251130/tools/bin/../lib/gcc/arm-none-eabi/12.3.1/../../../../arm-none-eabi/lib/thumb/v7e-m+fp/hard\libc_nano.a(libc_a-init.o)
 .ARM.attributes
                0x00000627       0x34 C:/ST/STM32CubeIDE_1.12.0/STM32CubeIDE/plugins/com.st.stm32cube.ide.mcu.externaltools.gnu-tools-for-stm32.12.3.rel1.win32_1.1.0.202410251130/tools/bin/../lib/gcc/arm-none-eabi/12.3.1/../../../../arm-none-eabi/lib/thumb/v7e-m+fp/hard\libc_nano.a(libc_a-memcpy-stub.o)
 .ARM.attributes
                0x0000065b       0x34 C:/ST/STM32CubeIDE_1.12.0/STM32CubeIDE/plugins/com.st.stm32cube.ide.mcu.externaltools.gnu-tools-for-stm32.12.3.rel1.win32_1.1.0.202410251130/tools/bin/../lib/gcc/arm-none-eabi/12.3.1/../../../../arm-none-eabi/lib/thumb/v7e-m+fp/hard\libm.a(libm_a-w_asin.o)
 .ARM.attributes
                0x0000068f       0x34 C:/ST/STM32CubeIDE_1.12.0/STM32CubeIDE/plugins/com.st.stm32cube.ide.mcu.externaltools.gnu-tools-for-stm32.12.3.rel1.win32_1.1.0.202410251130/tools/bin/../lib/gcc/arm-none-eabi/12.3.1/../../../../arm-none-eabi/lib/thumb/v7e-m+fp/hard\libm.a(libm_a-w_atan2.o)
 .ARM.attributes
                0x000006c3       0x34 C:/ST/STM32CubeIDE_1.12.0/STM32CubeIDE/plugins/com.st.stm32cube.ide.mcu.externaltools.gnu-tools-for-stm32.12.3.rel1.win32_1.1.0.202410251130/tools/bin/../lib/gcc/arm-none-eabi/12.3.1/../../../../arm-none-eabi/lib/thumb/v7e-m+fp/hard\libm.a(libm_a-w_pow.o)
 .ARM.attributes
                0x000006f7       0x34 C:/ST/STM32CubeIDE_1.12.0/STM32CubeIDE/plugins/com.st.stm32cube.ide.mcu.externaltools.gnu-tools-for-stm32.12.3.rel1.win32_1.1.0.202410251130/tools/bin/../lib/gcc/arm-none-eabi/12.3.1/../../../../arm-none-eabi/lib/thumb/v7e-m+fp/hard\libm.a(libm_a-w_sqrt.o)
 .ARM.attributes
                0x0000072b       0x34 C:/ST/STM32CubeIDE_1.12.0/STM32CubeIDE/plugins/com.st.stm32cube.ide.mcu.externaltools.gnu-tools-for-stm32.12.3.rel1.win32_1.1.0.202410251130/tools/bin/../lib/gcc/arm-none-eabi/12.3.1/../../../../arm-none-eabi/lib/thumb/v7e-m+fp/hard\libm.a(libm_a-s_fabs.o)
 .ARM.attributes
                0x0000075f       0x34 C:/ST/STM32CubeIDE_1.12.0/STM32CubeIDE/plugins/com.st.stm32cube.ide.mcu.externaltools.gnu-tools-for-stm32.12.3.rel1.win32_1.1.0.202410251130/tools/bin/../lib/gcc/arm-none-eabi/12.3.1/../../../../arm-none-eabi/lib/thumb/v7e-m+fp/hard\libm.a(libm_a-s_finite.o)
 .ARM.attributes
                0x00000793       0x34 C:/ST/STM32CubeIDE_1.12.0/STM32CubeIDE/plugins/com.st.stm32cube.ide.mcu.externaltools.gnu-tools-for-stm32.12.3.rel1.win32_1.1.0.202410251130/tools/bin/../lib/gcc/arm-none-eabi/12.3.1/../../../../arm-none-eabi/lib/thumb/v7e-m+fp/hard\libm.a(libm_a-s_nan.o)
 .ARM.attributes
                0x000007c7       0x34 C:/ST/STM32CubeIDE_1.12.0/STM32CubeIDE/plugins/com.st.stm32cube.ide.mcu.externaltools.gnu-tools-for-stm32.12.3.rel1.win32_1.1.0.202410251130/tools/bin/../lib/gcc/arm-none-eabi/12.3.1/../../../../arm-none-eabi/lib/thumb/v7e-m+fp/hard\libm.a(libm_a-e_sqrt.o)
 .ARM.attributes
                0x000007fb       0x34 C:/ST/STM32CubeIDE_1.12.0/STM32CubeIDE/plugins/com.st.stm32cube.ide.mcu.externaltools.gnu-tools-for-stm32.12.3.rel1.win32_1.1.0.202410251130/tools/bin/../lib/gcc/arm-none-eabi/12.3.1/../../../../arm-none-eabi/lib/thumb/v7e-m+fp/hard\libm.a(libm_a-s_floor.o)
 .ARM.attributes
                0x0000082f       0x34 C:/ST/STM32CubeIDE_1.12.0/STM32CubeIDE/plugins/com.st.stm32cube.ide.mcu.externaltools.gnu-tools-for-stm32.12.3.rel1.win32_1.1.0.202410251130/tools/bin/../lib/gcc/arm-none-eabi/12.3.1/../../../../arm-none-eabi/lib/thumb/v7e-m+fp/hard\libm.a(libm_a-e_asin.o)
 .ARM.attributes
                0x00000863       0x34 C:/ST/STM32CubeIDE_1.12.0/STM32CubeIDE/plugins/com.st.stm32cube.ide.mcu.externaltools.gnu-tools-for-stm32.12.3.rel1.win32_1.1.0.202410251130/tools/bin/../lib/gcc/arm-none-eabi/12.3.1/../../../../arm-none-eabi/lib/thumb/v7e-m+fp/hard\libm.a(libm_a-e_atan2.o)
 .ARM.attributes
                0x00000897       0x34 C:/ST/STM32CubeIDE_1.12.0/STM32CubeIDE/plugins/com.st.stm32cube.ide.mcu.externaltools.gnu-tools-for-stm32.12.3.rel1.win32_1.1.0.202410251130/tools/bin/../lib/gcc/arm-none-eabi/12.3.1/../../../../arm-none-eabi/lib/thumb/v7e-m+fp/hard\libm.a(libm_a-e_pow.o)
 .ARM.attributes
                0x000008cb       0x34 C:/ST/STM32CubeIDE_1.12.0/STM32CubeIDE/plugins/com.st.stm32cube.ide.mcu.externaltools.gnu-tools-for-stm32.12.3.rel1.win32_1.1.0.202410251130/tools/bin/../lib/gcc/arm-none-eabi/12.3.1/../../../../arm-none-eabi/lib/thumb/v7e-m+fp/hard\libm.a(libm_a-s_atan.o)
 .ARM.attributes
                0x000008ff       0x34 C:/ST/STM32CubeIDE_1.12.0/STM32CubeIDE/plugins/com.st.stm32cube.ide.mcu.externaltools.gnu-tools-for-stm32.12.3.rel1.win32_1.1.0.202410251130/tools/bin/../lib/gcc/arm-none-eabi/12.3.1/../../../../arm-none-eabi/lib/thumb/v7e-m+fp/hard\libm.a(libm_a-s_scalbn.o)
 .ARM.attributes
                0x00000933       0x34 C:/ST/STM32CubeIDE_1.12.0/STM32CubeIDE/plugins/com.st.stm32cube.ide.mcu.externaltools.gnu-tools-for-stm32.12.3.rel1.win32_1.1.0.202410251130/tools/bin/../lib/gcc/arm-none-eabi/12.3.1/../../../../arm-none-eabi/lib/thumb/v7e-m+fp/hard\libm.a(libm_a-math_err.o)
 .ARM.attributes
                0x00000967       0x22 C:/ST/STM32CubeIDE_1.12.0/STM32CubeIDE/plugins/com.st.stm32cube.ide.mcu.externaltools.gnu-tools-for-stm32.12.3.rel1.win32_1.1.0.202410251130/tools/bin/../lib/gcc/arm-none-eabi/12.3.1/thumb/v7e-m+fp/hard\libgcc.a(_arm_addsubdf3.o)
 .ARM.attributes
                0x00000989       0x22 C:/ST/STM32CubeIDE_1.12.0/STM32CubeIDE/plugins/com.st.stm32cube.ide.mcu.externaltools.gnu-tools-for-stm32.12.3.rel1.win32_1.1.0.202410251130/tools/bin/../lib/gcc/arm-none-eabi/12.3.1/thumb/v7e-m+fp/hard\libgcc.a(_arm_muldivdf3.o)
 .ARM.attributes
                0x000009ab       0x22 C:/ST/STM32CubeIDE_1.12.0/STM32CubeIDE/plugins/com.st.stm32cube.ide.mcu.externaltools.gnu-tools-for-stm32.12.3.rel1.win32_1.1.0.202410251130/tools/bin/../lib/gcc/arm-none-eabi/12.3.1/thumb/v7e-m+fp/hard\libgcc.a(_arm_cmpdf2.o)
 .ARM.attributes
                0x000009cd       0x22 C:/ST/STM32CubeIDE_1.12.0/STM32CubeIDE/plugins/com.st.stm32cube.ide.mcu.externaltools.gnu-tools-for-stm32.12.3.rel1.win32_1.1.0.202410251130/tools/bin/../lib/gcc/arm-none-eabi/12.3.1/thumb/v7e-m+fp/hard\libgcc.a(_arm_unorddf2.o)
 .ARM.attributes
                0x000009ef       0x22 C:/ST/STM32CubeIDE_1.12.0/STM32CubeIDE/plugins/com.st.stm32cube.ide.mcu.externaltools.gnu-tools-for-stm32.12.3.rel1.win32_1.1.0.202410251130/tools/bin/../lib/gcc/arm-none-eabi/12.3.1/thumb/v7e-m+fp/hard\libgcc.a(_aeabi_ldivmod.o)
 .ARM.attributes
                0x00000a11       0x22 C:/ST/STM32CubeIDE_1.12.0/STM32CubeIDE/plugins/com.st.stm32cube.ide.mcu.externaltools.gnu-tools-for-stm32.12.3.rel1.win32_1.1.0.202410251130/tools/bin/../lib/gcc/arm-none-eabi/12.3.1/thumb/v7e-m+fp/hard\libgcc.a(_aeabi_uldivmod.o)
 .ARM.attributes
                0x00000a33       0x34 C:/ST/STM32CubeIDE_1.12.0/STM32CubeIDE/plugins/com.st.stm32cube.ide.mcu.externaltools.gnu-tools-for-stm32.12.3.rel1.win32_1.1.0.202410251130/tools/bin/../lib/gcc/arm-none-eabi/12.3.1/thumb/v7e-m+fp/hard\libgcc.a(_udivmoddi4.o)
 .ARM.attributes
                0x00000a67       0x22 C:/ST/STM32CubeIDE_1.12.0/STM32CubeIDE/plugins/com.st.stm32cube.ide.mcu.externaltools.gnu-tools-for-stm32.12.3.rel1.win32_1.1.0.202410251130/tools/bin/../lib/gcc/arm-none-eabi/12.3.1/thumb/v7e-m+fp/hard\libgcc.a(_dvmd_tls.o)
 .ARM.attributes
                0x00000a89       0x22 C:/ST/STM32CubeIDE_1.12.0/STM32CubeIDE/plugins/com.st.stm32cube.ide.mcu.externaltools.gnu-tools-for-stm32.12.3.rel1.win32_1.1.0.202410251130/tools/bin/../lib/gcc/arm-none-eabi/12.3.1/thumb/v7e-m+fp/hard/crtn.o
OUTPUT(Thesis_ProjectF405RGT.elf elf32-littlearm)
LOAD linker stubs
LOAD C:/ST/STM32CubeIDE_1.12.0/STM32CubeIDE/plugins/com.st.stm32cube.ide.mcu.externaltools.gnu-tools-for-stm32.12.3.rel1.win32_1.1.0.202410251130/tools/bin/../lib/gcc/arm-none-eabi/12.3.1/../../../../arm-none-eabi/lib/thumb/v7e-m+fp/hard\libc.a
LOAD C:/ST/STM32CubeIDE_1.12.0/STM32CubeIDE/plugins/com.st.stm32cube.ide.mcu.externaltools.gnu-tools-for-stm32.12.3.rel1.win32_1.1.0.202410251130/tools/bin/../lib/gcc/arm-none-eabi/12.3.1/../../../../arm-none-eabi/lib/thumb/v7e-m+fp/hard\libm.a
LOAD C:/ST/STM32CubeIDE_1.12.0/STM32CubeIDE/plugins/com.st.stm32cube.ide.mcu.externaltools.gnu-tools-for-stm32.12.3.rel1.win32_1.1.0.202410251130/tools/bin/../lib/gcc/arm-none-eabi/12.3.1/thumb/v7e-m+fp/hard\libgcc.a

.debug_info     0x00000000    0x11b4b
 .debug_info    0x00000000      0x7ea ./Core/Src/QMC5883P.o
 .debug_info    0x000007ea      0xac7 ./Core/Src/bmp280.o
 .debug_info    0x000012b1      0x3ed ./Core/Src/gpio.o
 .debug_info    0x0000169e      0xc1f ./Core/Src/i2c.o
 .debug_info    0x000022bd      0xfc7 ./Core/Src/main.o
 .debug_info    0x00003284      0x8c7 ./Core/Src/mpu6500.o
 .debug_info    0x00003b4b      0x94d ./Core/Src/spi.o
 .debug_info    0x00004498      0x269 ./Core/Src/stm32f4xx_hal_msp.o
 .debug_info    0x00004701      0xa0c ./Core/Src/stm32f4xx_it.o
 .debug_info    0x0000510d      0x512 ./Core/Src/system_stm32f4xx.o
 .debug_info    0x0000561f      0xc50 ./Core/Src/tim.o
 .debug_info    0x0000626f       0x30 ./Core/Startup/startup_stm32f405rgtx.o
 .debug_info    0x0000629f      0x932 ./Drivers/STM32F4xx_HAL_Driver/Src/stm32f4xx_hal.o
 .debug_info    0x00006bd1      0xd7a ./Drivers/STM32F4xx_HAL_Driver/Src/stm32f4xx_hal_cortex.o
 .debug_info    0x0000794b      0x8e7 ./Drivers/STM32F4xx_HAL_Driver/Src/stm32f4xx_hal_dma.o
 .debug_info    0x00008232      0x6c3 ./Drivers/STM32F4xx_HAL_Driver/Src/stm32f4xx_hal_gpio.o
 .debug_info    0x000088f5     0x2415 ./Drivers/STM32F4xx_HAL_Driver/Src/stm32f4xx_hal_i2c.o
 .debug_info    0x0000ad0a      0x8c3 ./Drivers/STM32F4xx_HAL_Driver/Src/stm32f4xx_hal_rcc.o
 .debug_info    0x0000b5cd     0x1525 ./Drivers/STM32F4xx_HAL_Driver/Src/stm32f4xx_hal_spi.o
 .debug_info    0x0000caf2     0x299d ./Drivers/STM32F4xx_HAL_Driver/Src/stm32f4xx_hal_tim.o
 .debug_info    0x0000f48f     0x14db ./Drivers/STM32F4xx_HAL_Driver/Src/stm32f4xx_hal_tim_ex.o
 .debug_info    0x0001096a      0xeb3 ./snaekf01/Src/ekf10Init.o
 .debug_info    0x0001181d      0x14f ./snaekf01/Src/mcalib.o
 .debug_info    0x0001196c      0x1df ./snaekf01/Src/rt_nonfinite.o

.debug_abbrev   0x00000000     0x2f13
 .debug_abbrev  0x00000000      0x209 ./Core/Src/QMC5883P.o
 .debug_abbrev  0x00000209      0x29e ./Core/Src/bmp280.o
 .debug_abbrev  0x000004a7      0x152 ./Core/Src/gpio.o
 .debug_abbrev  0x000005f9      0x216 ./Core/Src/i2c.o
 .debug_abbrev  0x0000080f      0x301 ./Core/Src/main.o
 .debug_abbrev  0x00000b10      0x1f6 ./Core/Src/mpu6500.o
 .debug_abbrev  0x00000d06      0x1fa ./Core/Src/spi.o
 .debug_abbrev  0x00000f00       0xd8 ./Core/Src/stm32f4xx_hal_msp.o
 .debug_abbrev  0x00000fd8      0x195 ./Core/Src/stm32f4xx_it.o
 .debug_abbrev  0x0000116d      0x11a ./Core/Src/system_stm32f4xx.o
 .debug_abbrev  0x00001287      0x206 ./Core/Src/tim.o
 .debug_abbrev  0x0000148d       0x24 ./Core/Startup/startup_stm32f405rgtx.o
 .debug_abbrev  0x000014b1      0x214 ./Drivers/STM32F4xx_HAL_Driver/Src/stm32f4xx_hal.o
 .debug_abbrev  0x000016c5      0x31d ./Drivers/STM32F4xx_HAL_Driver/Src/stm32f4xx_hal_cortex.o
 .debug_abbrev  0x000019e2      0x264 ./Drivers/STM32F4xx_HAL_Driver/Src/stm32f4xx_hal_dma.o
 .debug_abbrev  0x00001c46      0x1d4 ./Drivers/STM32F4xx_HAL_Driver/Src/stm32f4xx_hal_gpio.o
 .debug_abbrev  0x00001e1a      0x2ad ./Drivers/STM32F4xx_HAL_Driver/Src/stm32f4xx_hal_i2c.o
 .debug_abbrev  0x000020c7      0x2b7 ./Drivers/STM32F4xx_HAL_Driver/Src/stm32f4xx_hal_rcc.o
 .debug_abbrev  0x0000237e      0x27a ./Drivers/STM32F4xx_HAL_Driver/Src/stm32f4xx_hal_spi.o
 .debug_abbrev  0x000025f8      0x278 ./Drivers/STM32F4xx_HAL_Driver/Src/stm32f4xx_hal_tim.o
 .debug_abbrev  0x00002870      0x283 ./Drivers/STM32F4xx_HAL_Driver/Src/stm32f4xx_hal_tim_ex.o
 .debug_abbrev  0x00002af3      0x2b6 ./snaekf01/Src/ekf10Init.o
 .debug_abbrev  0x00002da9       0xbe ./snaekf01/Src/mcalib.o
 .debug_abbrev  0x00002e67       0xac ./snaekf01/Src/rt_nonfinite.o

.debug_aranges  0x00000000     0x1148
 .debug_aranges
                0x00000000       0x38 ./Core/Src/QMC5883P.o
 .debug_aranges
                0x00000038       0x78 ./Core/Src/bmp280.o
 .debug_aranges
                0x000000b0       0x20 ./Core/Src/gpio.o
 .debug_aranges
                0x000000d0       0x38 ./Core/Src/i2c.o
 .debug_aranges
                0x00000108       0x40 ./Core/Src/main.o
 .debug_aranges
                0x00000148       0x40 ./Core/Src/mpu6500.o
 .debug_aranges
                0x00000188       0x30 ./Core/Src/spi.o
 .debug_aranges
                0x000001b8       0x20 ./Core/Src/stm32f4xx_hal_msp.o
 .debug_aranges
                0x000001d8       0x80 ./Core/Src/stm32f4xx_it.o
 .debug_aranges
                0x00000258       0x28 ./Core/Src/system_stm32f4xx.o
 .debug_aranges
                0x00000280       0x38 ./Core/Src/tim.o
 .debug_aranges
                0x000002b8       0x28 ./Core/Startup/startup_stm32f405rgtx.o
 .debug_aranges
                0x000002e0       0xf0 ./Drivers/STM32F4xx_HAL_Driver/Src/stm32f4xx_hal.o
 .debug_aranges
                0x000003d0      0x130 ./Drivers/STM32F4xx_HAL_Driver/Src/stm32f4xx_hal_cortex.o
 .debug_aranges
                0x00000500       0x90 ./Drivers/STM32F4xx_HAL_Driver/Src/stm32f4xx_hal_dma.o
 .debug_aranges
                0x00000590       0x58 ./Drivers/STM32F4xx_HAL_Driver/Src/stm32f4xx_hal_gpio.o
 .debug_aranges
                0x000005e8      0x2a8 ./Drivers/STM32F4xx_HAL_Driver/Src/stm32f4xx_hal_i2c.o
 .debug_aranges
                0x00000890       0x88 ./Drivers/STM32F4xx_HAL_Driver/Src/stm32f4xx_hal_rcc.o
 .debug_aranges
                0x00000918      0x1d0 ./Drivers/STM32F4xx_HAL_Driver/Src/stm32f4xx_hal_spi.o
 .debug_aranges
                0x00000ae8      0x3d0 ./Drivers/STM32F4xx_HAL_Driver/Src/stm32f4xx_hal_tim.o
 .debug_aranges
                0x00000eb8      0x168 ./Drivers/STM32F4xx_HAL_Driver/Src/stm32f4xx_hal_tim_ex.o
 .debug_aranges
                0x00001020       0xc0 ./snaekf01/Src/ekf10Init.o
 .debug_aranges
                0x000010e0       0x30 ./snaekf01/Src/mcalib.o
 .debug_aranges
                0x00001110       0x38 ./snaekf01/Src/rt_nonfinite.o

.debug_rnglists
                0x00000000      0xd6e
 .debug_rnglists
                0x00000000       0x26 ./Core/Src/QMC5883P.o
 .debug_rnglists
                0x00000026       0x5a ./Core/Src/bmp280.o
 .debug_rnglists
                0x00000080       0x14 ./Core/Src/gpio.o
 .debug_rnglists
                0x00000094       0x27 ./Core/Src/i2c.o
 .debug_rnglists
                0x000000bb       0x2e ./Core/Src/main.o
 .debug_rnglists
                0x000000e9       0x2d ./Core/Src/mpu6500.o
 .debug_rnglists
                0x00000116       0x20 ./Core/Src/spi.o
 .debug_rnglists
                0x00000136       0x13 ./Core/Src/stm32f4xx_hal_msp.o
 .debug_rnglists
                0x00000149       0x5b ./Core/Src/stm32f4xx_it.o
 .debug_rnglists
                0x000001a4       0x1a ./Core/Src/system_stm32f4xx.o
 .debug_rnglists
                0x000001be       0x28 ./Core/Src/tim.o
 .debug_rnglists
                0x000001e6       0x19 ./Core/Startup/startup_stm32f405rgtx.o
 .debug_rnglists
                0x000001ff       0xaf ./Drivers/STM32F4xx_HAL_Driver/Src/stm32f4xx_hal.o
 .debug_rnglists
                0x000002ae       0xe0 ./Drivers/STM32F4xx_HAL_Driver/Src/stm32f4xx_hal_cortex.o
 .debug_rnglists
                0x0000038e       0x70 ./Drivers/STM32F4xx_HAL_Driver/Src/stm32f4xx_hal_dma.o
 .debug_rnglists
                0x000003fe       0x3f ./Drivers/STM32F4xx_HAL_Driver/Src/stm32f4xx_hal_gpio.o
 .debug_rnglists
                0x0000043d      0x23c ./Drivers/STM32F4xx_HAL_Driver/Src/stm32f4xx_hal_i2c.o
 .debug_rnglists
                0x00000679       0x66 ./Drivers/STM32F4xx_HAL_Driver/Src/stm32f4xx_hal_rcc.o
 .debug_rnglists
                0x000006df      0x16f ./Drivers/STM32F4xx_HAL_Driver/Src/stm32f4xx_hal_spi.o
 .debug_rnglists
                0x0000084e      0x31a ./Drivers/STM32F4xx_HAL_Driver/Src/stm32f4xx_hal_tim.o
 .debug_rnglists
                0x00000b68      0x125 ./Drivers/STM32F4xx_HAL_Driver/Src/stm32f4xx_hal_tim_ex.o
 .debug_rnglists
                0x00000c8d       0x9c ./snaekf01/Src/ekf10Init.o
 .debug_rnglists
                0x00000d29       0x20 ./snaekf01/Src/mcalib.o
 .debug_rnglists
                0x00000d49       0x25 ./snaekf01/Src/rt_nonfinite.o

.debug_macro    0x00000000    0x2129d
 .debug_macro   0x00000000      0x2b5 ./Core/Src/QMC5883P.o
 .debug_macro   0x000002b5      0xab4 ./Core/Src/QMC5883P.o
 .debug_macro   0x00000d69      0x2a1 ./Core/Src/QMC5883P.o
 .debug_macro   0x0000100a       0x2e ./Core/Src/QMC5883P.o
 .debug_macro   0x00001038       0x2f ./Core/Src/QMC5883P.o
 .debug_macro   0x00001067       0x22 ./Core/Src/QMC5883P.o
 .debug_macro   0x00001089       0x8e ./Core/Src/QMC5883P.o
 .debug_macro   0x00001117       0x51 ./Core/Src/QMC5883P.o
 .debug_macro   0x00001168      0x103 ./Core/Src/QMC5883P.o
 .debug_macro   0x0000126b       0x6a ./Core/Src/QMC5883P.o
 .debug_macro   0x000012d5      0x1df ./Core/Src/QMC5883P.o
 .debug_macro   0x000014b4       0x1c ./Core/Src/QMC5883P.o
 .debug_macro   0x000014d0       0x22 ./Core/Src/QMC5883P.o
 .debug_macro   0x000014f2       0xfb ./Core/Src/QMC5883P.o
 .debug_macro   0x000015ed     0x1011 ./Core/Src/QMC5883P.o
 .debug_macro   0x000025fe      0x11f ./Core/Src/QMC5883P.o
 .debug_macro   0x0000271d    0x1427b ./Core/Src/QMC5883P.o
 .debug_macro   0x00016998       0x6d ./Core/Src/QMC5883P.o
 .debug_macro   0x00016a05     0x3693 ./Core/Src/QMC5883P.o
 .debug_macro   0x0001a098      0x189 ./Core/Src/QMC5883P.o
 .debug_macro   0x0001a221       0x5c ./Core/Src/QMC5883P.o
 .debug_macro   0x0001a27d      0x8bc ./Core/Src/QMC5883P.o
 .debug_macro   0x0001ab39      0x9e9 ./Core/Src/QMC5883P.o
 .debug_macro   0x0001b522      0x115 ./Core/Src/QMC5883P.o
 .debug_macro   0x0001b637      0x130 ./Core/Src/QMC5883P.o
 .debug_macro   0x0001b767       0xa5 ./Core/Src/QMC5883P.o
 .debug_macro   0x0001b80c      0x174 ./Core/Src/QMC5883P.o
 .debug_macro   0x0001b980      0x287 ./Core/Src/QMC5883P.o
 .debug_macro   0x0001bc07       0x5f ./Core/Src/QMC5883P.o
 .debug_macro   0x0001bc66      0x236 ./Core/Src/QMC5883P.o
 .debug_macro   0x0001be9c      0x12c ./Core/Src/QMC5883P.o
 .debug_macro   0x0001bfc8      0x21e ./Core/Src/QMC5883P.o
 .debug_macro   0x0001c1e6       0x2e ./Core/Src/QMC5883P.o
 .debug_macro   0x0001c214      0x1b5 ./Core/Src/QMC5883P.o
 .debug_macro   0x0001c3c9       0xd6 ./Core/Src/QMC5883P.o
 .debug_macro   0x0001c49f      0x127 ./Core/Src/QMC5883P.o
 .debug_macro   0x0001c5c6       0x7e ./Core/Src/QMC5883P.o
 .debug_macro   0x0001c644       0x89 ./Core/Src/QMC5883P.o
 .debug_macro   0x0001c6cd      0x225 ./Core/Src/QMC5883P.o
 .debug_macro   0x0001c8f2      0x8ed ./Core/Src/QMC5883P.o
 .debug_macro   0x0001d1df       0x4d ./Core/Src/QMC5883P.o
 .debug_macro   0x0001d22c      0x12d ./Core/Src/QMC5883P.o
 .debug_macro   0x0001d359       0x16 ./Core/Src/QMC5883P.o
 .debug_macro   0x0001d36f       0x61 ./Core/Src/QMC5883P.o
 .debug_macro   0x0001d3d0       0x2a ./Core/Src/QMC5883P.o
 .debug_macro   0x0001d3fa       0x43 ./Core/Src/QMC5883P.o
 .debug_macro   0x0001d43d       0x34 ./Core/Src/QMC5883P.o
 .debug_macro   0x0001d471       0x16 ./Core/Src/QMC5883P.o
 .debug_macro   0x0001d487       0x43 ./Core/Src/QMC5883P.o
 .debug_macro   0x0001d4ca       0x34 ./Core/Src/QMC5883P.o
 .debug_macro   0x0001d4fe       0x10 ./Core/Src/QMC5883P.o
 .debug_macro   0x0001d50e       0x58 ./Core/Src/QMC5883P.o
 .debug_macro   0x0001d566       0x8e ./Core/Src/QMC5883P.o
 .debug_macro   0x0001d5f4       0x1c ./Core/Src/QMC5883P.o
 .debug_macro   0x0001d610      0x177 ./Core/Src/QMC5883P.o
 .debug_macro   0x0001d787      0x369 ./Core/Src/QMC5883P.o
 .debug_macro   0x0001daf0      0x19b ./Core/Src/QMC5883P.o
 .debug_macro   0x0001dc8b       0x28 ./Core/Src/QMC5883P.o
 .debug_macro   0x0001dcb3      0x2ba ./Core/Src/bmp280.o
 .debug_macro   0x0001df6d       0x10 ./Core/Src/bmp280.o
 .debug_macro   0x0001df7d       0x22 ./Core/Src/bmp280.o
 .debug_macro   0x0001df9f       0xee ./Core/Src/bmp280.o
 .debug_macro   0x0001e08d      0x201 ./Core/Src/gpio.o
 .debug_macro   0x0001e28e      0x201 ./Core/Src/i2c.o
 .debug_macro   0x0001e48f      0x3e6 ./Core/Src/main.o
 .debug_macro   0x0001e875       0x53 ./Core/Src/main.o
 .debug_macro   0x0001e8c8       0x10 ./Core/Src/main.o
 .debug_macro   0x0001e8d8       0x16 ./Core/Src/main.o
 .debug_macro   0x0001e8ee       0x35 ./Core/Src/main.o
 .debug_macro   0x0001e923       0x16 ./Core/Src/main.o
 .debug_macro   0x0001e939       0x29 ./Core/Src/main.o
 .debug_macro   0x0001e962       0x16 ./Core/Src/main.o
 .debug_macro   0x0001e978       0x20 ./Core/Src/main.o
 .debug_macro   0x0001e998       0x1c ./Core/Src/main.o
 .debug_macro   0x0001e9b4       0x10 ./Core/Src/main.o
 .debug_macro   0x0001e9c4       0x1c ./Core/Src/main.o
 .debug_macro   0x0001e9e0       0x16 ./Core/Src/main.o
 .debug_macro   0x0001e9f6      0x146 ./Core/Src/main.o
 .debug_macro   0x0001eb3c       0x1c ./Core/Src/main.o
 .debug_macro   0x0001eb58       0xf4 ./Core/Src/main.o
 .debug_macro   0x0001ec4c      0x2ef ./Core/Src/mpu6500.o
 .debug_macro   0x0001ef3b       0x5b ./Core/Src/mpu6500.o
 .debug_macro   0x0001ef96       0x94 ./Core/Src/mpu6500.o
 .debug_macro   0x0001f02a       0x16 ./Core/Src/mpu6500.o
 .debug_macro   0x0001f040       0x57 ./Core/Src/mpu6500.o
 .debug_macro   0x0001f097       0x9e ./Core/Src/mpu6500.o
 .debug_macro   0x0001f135      0x10b ./Core/Src/mpu6500.o
 .debug_macro   0x0001f240       0x16 ./Core/Src/mpu6500.o
 .debug_macro   0x0001f256       0x56 ./Core/Src/mpu6500.o
 .debug_macro   0x0001f2ac      0x201 ./Core/Src/spi.o
 .debug_macro   0x0001f4ad      0x1f7 ./Core/Src/stm32f4xx_hal_msp.o
 .debug_macro   0x0001f6a4      0x201 ./Core/Src/stm32f4xx_it.o
 .debug_macro   0x0001f8a5      0x1e8 ./Core/Src/system_stm32f4xx.o
 .debug_macro   0x0001fa8d      0x201 ./Core/Src/tim.o
 .debug_macro   0x0001fc8e      0x248 ./Drivers/STM32F4xx_HAL_Driver/Src/stm32f4xx_hal.o
 .debug_macro   0x0001fed6      0x1e8 ./Drivers/STM32F4xx_HAL_Driver/Src/stm32f4xx_hal_cortex.o
 .debug_macro   0x000200be      0x1ee ./Drivers/STM32F4xx_HAL_Driver/Src/stm32f4xx_hal_dma.o
 .debug_macro   0x000202ac      0x1ee ./Drivers/STM32F4xx_HAL_Driver/Src/stm32f4xx_hal_gpio.o
 .debug_macro   0x0002049a      0x236 ./Drivers/STM32F4xx_HAL_Driver/Src/stm32f4xx_hal_i2c.o
 .debug_macro   0x000206d0      0x20c ./Drivers/STM32F4xx_HAL_Driver/Src/stm32f4xx_hal_rcc.o
 .debug_macro   0x000208dc      0x1f7 ./Drivers/STM32F4xx_HAL_Driver/Src/stm32f4xx_hal_spi.o
 .debug_macro   0x00020ad3      0x1e9 ./Drivers/STM32F4xx_HAL_Driver/Src/stm32f4xx_hal_tim.o
 .debug_macro   0x00020cbc      0x1e8 ./Drivers/STM32F4xx_HAL_Driver/Src/stm32f4xx_hal_tim_ex.o
 .debug_macro   0x00020ea4      0x192 ./snaekf01/Src/ekf10Init.o
 .debug_macro   0x00021036       0x3a ./snaekf01/Src/ekf10Init.o
 .debug_macro   0x00021070      0x129 ./snaekf01/Src/mcalib.o
 .debug_macro   0x00021199      0x104 ./snaekf01/Src/rt_nonfinite.o

.debug_line     0x00000000    0x17de2
 .debug_line    0x00000000      0x9a6 ./Core/Src/QMC5883P.o
 .debug_line    0x000009a6      0xc3a ./Core/Src/bmp280.o
 .debug_line    0x000015e0      0x785 ./Core/Src/gpio.o
 .debug_line    0x00001d65      0x854 ./Core/Src/i2c.o
 .debug_line    0x000025b9      0xc2d ./Core/Src/main.o
 .debug_line    0x000031e6      0xa53 ./Core/Src/mpu6500.o
 .debug_line    0x00003c39      0x7e8 ./Core/Src/spi.o
 .debug_line    0x00004421      0x776 ./Core/Src/stm32f4xx_hal_msp.o
 .debug_line    0x00004b97      0x899 ./Core/Src/stm32f4xx_it.o
 .debug_line    0x00005430      0x7ec ./Core/Src/system_stm32f4xx.o
 .debug_line    0x00005c1c      0x858 ./Core/Src/tim.o
 .debug_line    0x00006474       0x7a ./Core/Startup/startup_stm32f405rgtx.o
 .debug_line    0x000064ee      0xa64 ./Drivers/STM32F4xx_HAL_Driver/Src/stm32f4xx_hal.o
 .debug_line    0x00006f52      0xd56 ./Drivers/STM32F4xx_HAL_Driver/Src/stm32f4xx_hal_cortex.o
 .debug_line    0x00007ca8      0xfd4 ./Drivers/STM32F4xx_HAL_Driver/Src/stm32f4xx_hal_dma.o
 .debug_line    0x00008c7c      0xbf0 ./Drivers/STM32F4xx_HAL_Driver/Src/stm32f4xx_hal_gpio.o
 .debug_line    0x0000986c     0x3ba5 ./Drivers/STM32F4xx_HAL_Driver/Src/stm32f4xx_hal_i2c.o
 .debug_line    0x0000d411      0xdef ./Drivers/STM32F4xx_HAL_Driver/Src/stm32f4xx_hal_rcc.o
 .debug_line    0x0000e200     0x1d88 ./Drivers/STM32F4xx_HAL_Driver/Src/stm32f4xx_hal_spi.o
 .debug_line    0x0000ff88     0x3800 ./Drivers/STM32F4xx_HAL_Driver/Src/stm32f4xx_hal_tim.o
 .debug_line    0x00013788     0x1a5a ./Drivers/STM32F4xx_HAL_Driver/Src/stm32f4xx_hal_tim_ex.o
 .debug_line    0x000151e2     0x1fb0 ./snaekf01/Src/ekf10Init.o
 .debug_line    0x00017192      0x636 ./snaekf01/Src/mcalib.o
 .debug_line    0x000177c8      0x61a ./snaekf01/Src/rt_nonfinite.o

.debug_str      0x00000000    0xc3715
 .debug_str     0x00000000    0xbdd85 ./Core/Src/QMC5883P.o
                              0xbe095 (size before relaxing)
 .debug_str     0x000bdd85      0x5ca ./Core/Src/bmp280.o
                              0xbe536 (size before relaxing)
 .debug_str     0x000be34f      0x1d6 ./Core/Src/gpio.o
                              0xba300 (size before relaxing)
 .debug_str     0x000be525      0x579 ./Core/Src/i2c.o
                              0xbad55 (size before relaxing)
 .debug_str     0x000bea9e      0xfd5 ./Core/Src/main.o
                              0xbf2e8 (size before relaxing)
 .debug_str     0x000bfa73      0x228 ./Core/Src/mpu6500.o
                              0xbe6e0 (size before relaxing)
 .debug_str     0x000bfc9b       0x4b ./Core/Src/spi.o
                              0xba78c (size before relaxing)
 .debug_str     0x000bfce6       0x2c ./Core/Src/stm32f4xx_hal_msp.o
                              0xba235 (size before relaxing)
 .debug_str     0x000bfd12      0x138 ./Core/Src/stm32f4xx_it.o
                              0xbaa1c (size before relaxing)
 .debug_str     0x000bfe4a       0xdb ./Core/Src/system_stm32f4xx.o
                              0xba2b6 (size before relaxing)
 .debug_str     0x000bff25      0x13c ./Core/Src/tim.o
                              0xbadfc (size before relaxing)
 .debug_str     0x000c0061       0x44 ./Core/Startup/startup_stm32f405rgtx.o
                                 0x81 (size before relaxing)
 .debug_str     0x000c00a5      0x603 ./Drivers/STM32F4xx_HAL_Driver/Src/stm32f4xx_hal.o
                              0xbae19 (size before relaxing)
 .debug_str     0x000c06a8      0x361 ./Drivers/STM32F4xx_HAL_Driver/Src/stm32f4xx_hal_cortex.o
                              0xbab95 (size before relaxing)
 .debug_str     0x000c0a09      0x315 ./Drivers/STM32F4xx_HAL_Driver/Src/stm32f4xx_hal_dma.o
                              0xba6d0 (size before relaxing)